
=== linear_mcar (estimator=bayesian_ridge, n_rows=1000, 30 seeds) ===
/home/hustle/hustle/DataForgeML/venv/lib/python3.12/site-packages/sklearn/impute/_iterative.py:867: ConvergenceWarning: [IterativeImputer] Early stopping criterion not reached.
  warnings.warn(
/home/hustle/hustle/DataForgeML/venv/lib/python3.12/site-packages/sklearn/impute/_iterative.py:867: ConvergenceWarning: [IterativeImputer] Early stopping criterion not reached.
  warnings.warn(
/home/hustle/hustle/DataForgeML/venv/lib/python3.12/site-packages/sklearn/impute/_iterative.py:867: ConvergenceWarning: [IterativeImputer] Early stopping criterion not reached.
  warnings.warn(
  seed   0: skewed all_rmse=0.8055 | matched all_rmse=0.6013 | ideal all_rmse=0.5032
/home/hustle/hustle/DataForgeML/venv/lib/python3.12/site-packages/sklearn/impute/_iterative.py:867: ConvergenceWarning: [IterativeImputer] Early stopping criterion not reached.
  warnings.warn(
/home/hustle/hustle/DataForgeML/venv/lib/python3.12/site-packages/sklearn/impute/_iterative.py:867: ConvergenceWarning: [IterativeImputer] Early stopping criterion not reached.
  warnings.warn(
/home/hustle/hustle/DataForgeML/venv/lib/python3.12/site-packages/sklearn/impute/_iterative.py:867: ConvergenceWarning: [IterativeImputer] Early stopping criterion not reached.
  warnings.warn(
  seed   1: skewed all_rmse=4.3946 | matched all_rmse=1.4347 | ideal all_rmse=0.9468
/home/hustle/hustle/DataForgeML/venv/lib/python3.12/site-packages/sklearn/impute/_iterative.py:867: ConvergenceWarning: [IterativeImputer] Early stopping criterion not reached.
  warnings.warn(
/home/hustle/hustle/DataForgeML/venv/lib/python3.12/site-packages/sklearn/impute/_iterative.py:867: ConvergenceWarning: [IterativeImputer] Early stopping criterion not reached.
  warnings.warn(
/home/hustle/hustle/DataForgeML/venv/lib/python3.12/site-packages/sklearn/impute/_iterative.py:867: ConvergenceWarning: [IterativeImputer] Early stopping criterion not reached.
  warnings.warn(
  seed   2: skewed all_rmse=2.5712 | matched all_rmse=0.9442 | ideal all_rmse=0.7143
/home/hustle/hustle/DataForgeML/venv/lib/python3.12/site-packages/sklearn/impute/_iterative.py:867: ConvergenceWarning: [IterativeImputer] Early stopping criterion not reached.
  warnings.warn(
/home/hustle/hustle/DataForgeML/venv/lib/python3.12/site-packages/sklearn/impute/_iterative.py:867: ConvergenceWarning: [IterativeImputer] Early stopping criterion not reached.
  warnings.warn(
/home/hustle/hustle/DataForgeML/venv/lib/python3.12/site-packages/sklearn/impute/_iterative.py:867: ConvergenceWarning: [IterativeImputer] Early stopping criterion not reached.
  warnings.warn(
  seed   3: skewed all_rmse=0.9913 | matched all_rmse=0.8299 | ideal all_rmse=0.5533
/home/hustle/hustle/DataForgeML/venv/lib/python3.12/site-packages/sklearn/impute/_iterative.py:867: ConvergenceWarning: [IterativeImputer] Early stopping criterion not reached.
  warnings.warn(
/home/hustle/hustle/DataForgeML/venv/lib/python3.12/site-packages/sklearn/impute/_iterative.py:867: ConvergenceWarning: [IterativeImputer] Early stopping criterion not reached.
  warnings.warn(
/home/hustle/hustle/DataForgeML/venv/lib/python3.12/site-packages/sklearn/impute/_iterative.py:867: ConvergenceWarning: [IterativeImputer] Early stopping criterion not reached.
  warnings.warn(
  seed   4: skewed all_rmse=2.1696 | matched all_rmse=1.7796 | ideal all_rmse=0.7128
/home/hustle/hustle/DataForgeML/venv/lib/python3.12/site-packages/sklearn/impute/_iterative.py:867: ConvergenceWarning: [IterativeImputer] Early stopping criterion not reached.
  warnings.warn(
/home/hustle/hustle/DataForgeML/venv/lib/python3.12/site-packages/sklearn/impute/_iterative.py:867: ConvergenceWarning: [IterativeImputer] Early stopping criterion not reached.
  warnings.warn(
/home/hustle/hustle/DataForgeML/venv/lib/python3.12/site-packages/sklearn/impute/_iterative.py:867: ConvergenceWarning: [IterativeImputer] Early stopping criterion not reached.
  warnings.warn(
  seed   5: skewed all_rmse=1.6629 | matched all_rmse=0.8503 | ideal all_rmse=0.5668
/home/hustle/hustle/DataForgeML/venv/lib/python3.12/site-packages/sklearn/impute/_iterative.py:867: ConvergenceWarning: [IterativeImputer] Early stopping criterion not reached.
  warnings.warn(
/home/hustle/hustle/DataForgeML/venv/lib/python3.12/site-packages/sklearn/impute/_iterative.py:867: ConvergenceWarning: [IterativeImputer] Early stopping criterion not reached.
  warnings.warn(
/home/hustle/hustle/DataForgeML/venv/lib/python3.12/site-packages/sklearn/impute/_iterative.py:867: ConvergenceWarning: [IterativeImputer] Early stopping criterion not reached.
  warnings.warn(
  seed   6: skewed all_rmse=2.0069 | matched all_rmse=1.0219 | ideal all_rmse=0.7495
/home/hustle/hustle/DataForgeML/venv/lib/python3.12/site-packages/sklearn/impute/_iterative.py:867: ConvergenceWarning: [IterativeImputer] Early stopping criterion not reached.
  warnings.warn(
/home/hustle/hustle/DataForgeML/venv/lib/python3.12/site-packages/sklearn/impute/_iterative.py:867: ConvergenceWarning: [IterativeImputer] Early stopping criterion not reached.
  warnings.warn(
  seed   7: skewed all_rmse=0.9634 | matched all_rmse=0.8863 | ideal all_rmse=0.6749
/home/hustle/hustle/DataForgeML/venv/lib/python3.12/site-packages/sklearn/impute/_iterative.py:867: ConvergenceWarning: [IterativeImputer] Early stopping criterion not reached.
  warnings.warn(
/home/hustle/hustle/DataForgeML/venv/lib/python3.12/site-packages/sklearn/impute/_iterative.py:867: ConvergenceWarning: [IterativeImputer] Early stopping criterion not reached.
  warnings.warn(
/home/hustle/hustle/DataForgeML/venv/lib/python3.12/site-packages/sklearn/impute/_iterative.py:867: ConvergenceWarning: [IterativeImputer] Early stopping criterion not reached.
  warnings.warn(
  seed   8: skewed all_rmse=2.1793 | matched all_rmse=1.2551 | ideal all_rmse=0.7542
/home/hustle/hustle/DataForgeML/venv/lib/python3.12/site-packages/sklearn/impute/_iterative.py:867: ConvergenceWarning: [IterativeImputer] Early stopping criterion not reached.
  warnings.warn(
/home/hustle/hustle/DataForgeML/venv/lib/python3.12/site-packages/sklearn/impute/_iterative.py:867: ConvergenceWarning: [IterativeImputer] Early stopping criterion not reached.
  warnings.warn(
/home/hustle/hustle/DataForgeML/venv/lib/python3.12/site-packages/sklearn/impute/_iterative.py:867: ConvergenceWarning: [IterativeImputer] Early stopping criterion not reached.
  warnings.warn(
  seed   9: skewed all_rmse=1.0851 | matched all_rmse=0.7998 | ideal all_rmse=0.6079
/home/hustle/hustle/DataForgeML/venv/lib/python3.12/site-packages/sklearn/impute/_iterative.py:867: ConvergenceWarning: [IterativeImputer] Early stopping criterion not reached.
  warnings.warn(
/home/hustle/hustle/DataForgeML/venv/lib/python3.12/site-packages/sklearn/impute/_iterative.py:867: ConvergenceWarning: [IterativeImputer] Early stopping criterion not reached.
  warnings.warn(
/home/hustle/hustle/DataForgeML/venv/lib/python3.12/site-packages/sklearn/impute/_iterative.py:867: ConvergenceWarning: [IterativeImputer] Early stopping criterion not reached.
  warnings.warn(
  seed  10: skewed all_rmse=1.2478 | matched all_rmse=1.0755 | ideal all_rmse=0.9244
/home/hustle/hustle/DataForgeML/venv/lib/python3.12/site-packages/sklearn/impute/_iterative.py:867: ConvergenceWarning: [IterativeImputer] Early stopping criterion not reached.
  warnings.warn(
/home/hustle/hustle/DataForgeML/venv/lib/python3.12/site-packages/sklearn/impute/_iterative.py:867: ConvergenceWarning: [IterativeImputer] Early stopping criterion not reached.
  warnings.warn(
/home/hustle/hustle/DataForgeML/venv/lib/python3.12/site-packages/sklearn/impute/_iterative.py:867: ConvergenceWarning: [IterativeImputer] Early stopping criterion not reached.
  warnings.warn(
  seed  11: skewed all_rmse=0.8717 | matched all_rmse=0.6106 | ideal all_rmse=0.5223
/home/hustle/hustle/DataForgeML/venv/lib/python3.12/site-packages/sklearn/impute/_iterative.py:867: ConvergenceWarning: [IterativeImputer] Early stopping criterion not reached.
  warnings.warn(
/home/hustle/hustle/DataForgeML/venv/lib/python3.12/site-packages/sklearn/impute/_iterative.py:867: ConvergenceWarning: [IterativeImputer] Early stopping criterion not reached.
  warnings.warn(
/home/hustle/hustle/DataForgeML/venv/lib/python3.12/site-packages/sklearn/impute/_iterative.py:867: ConvergenceWarning: [IterativeImputer] Early stopping criterion not reached.
  warnings.warn(
  seed  12: skewed all_rmse=2.4799 | matched all_rmse=0.9924 | ideal all_rmse=0.6467
/home/hustle/hustle/DataForgeML/venv/lib/python3.12/site-packages/sklearn/impute/_iterative.py:867: ConvergenceWarning: [IterativeImputer] Early stopping criterion not reached.
  warnings.warn(
/home/hustle/hustle/DataForgeML/venv/lib/python3.12/site-packages/sklearn/impute/_iterative.py:867: ConvergenceWarning: [IterativeImputer] Early stopping criterion not reached.
  warnings.warn(
/home/hustle/hustle/DataForgeML/venv/lib/python3.12/site-packages/sklearn/impute/_iterative.py:867: ConvergenceWarning: [IterativeImputer] Early stopping criterion not reached.
  warnings.warn(
  seed  13: skewed all_rmse=2.6695 | matched all_rmse=2.4487 | ideal all_rmse=2.0768
/home/hustle/hustle/DataForgeML/venv/lib/python3.12/site-packages/sklearn/impute/_iterative.py:867: ConvergenceWarning: [IterativeImputer] Early stopping criterion not reached.
  warnings.warn(
/home/hustle/hustle/DataForgeML/venv/lib/python3.12/site-packages/sklearn/impute/_iterative.py:867: ConvergenceWarning: [IterativeImputer] Early stopping criterion not reached.
  warnings.warn(
/home/hustle/hustle/DataForgeML/venv/lib/python3.12/site-packages/sklearn/impute/_iterative.py:867: ConvergenceWarning: [IterativeImputer] Early stopping criterion not reached.
  warnings.warn(
  seed  14: skewed all_rmse=0.7341 | matched all_rmse=0.6820 | ideal all_rmse=0.5631
/home/hustle/hustle/DataForgeML/venv/lib/python3.12/site-packages/sklearn/impute/_iterative.py:867: ConvergenceWarning: [IterativeImputer] Early stopping criterion not reached.
  warnings.warn(
/home/hustle/hustle/DataForgeML/venv/lib/python3.12/site-packages/sklearn/impute/_iterative.py:867: ConvergenceWarning: [IterativeImputer] Early stopping criterion not reached.
  warnings.warn(
/home/hustle/hustle/DataForgeML/venv/lib/python3.12/site-packages/sklearn/impute/_iterative.py:867: ConvergenceWarning: [IterativeImputer] Early stopping criterion not reached.
  warnings.warn(
  seed  15: skewed all_rmse=1.5912 | matched all_rmse=0.8532 | ideal all_rmse=0.5520
/home/hustle/hustle/DataForgeML/venv/lib/python3.12/site-packages/sklearn/impute/_iterative.py:867: ConvergenceWarning: [IterativeImputer] Early stopping criterion not reached.
  warnings.warn(
/home/hustle/hustle/DataForgeML/venv/lib/python3.12/site-packages/sklearn/impute/_iterative.py:867: ConvergenceWarning: [IterativeImputer] Early stopping criterion not reached.
  warnings.warn(
/home/hustle/hustle/DataForgeML/venv/lib/python3.12/site-packages/sklearn/impute/_iterative.py:867: ConvergenceWarning: [IterativeImputer] Early stopping criterion not reached.
  warnings.warn(
  seed  16: skewed all_rmse=0.9354 | matched all_rmse=0.7008 | ideal all_rmse=0.5827
/home/hustle/hustle/DataForgeML/venv/lib/python3.12/site-packages/sklearn/impute/_iterative.py:867: ConvergenceWarning: [IterativeImputer] Early stopping criterion not reached.
  warnings.warn(
/home/hustle/hustle/DataForgeML/venv/lib/python3.12/site-packages/sklearn/impute/_iterative.py:867: ConvergenceWarning: [IterativeImputer] Early stopping criterion not reached.
  warnings.warn(
/home/hustle/hustle/DataForgeML/venv/lib/python3.12/site-packages/sklearn/impute/_iterative.py:867: ConvergenceWarning: [IterativeImputer] Early stopping criterion not reached.
  warnings.warn(
  seed  17: skewed all_rmse=1.0263 | matched all_rmse=0.8784 | ideal all_rmse=0.5496
/home/hustle/hustle/DataForgeML/venv/lib/python3.12/site-packages/sklearn/impute/_iterative.py:867: ConvergenceWarning: [IterativeImputer] Early stopping criterion not reached.
  warnings.warn(
/home/hustle/hustle/DataForgeML/venv/lib/python3.12/site-packages/sklearn/impute/_iterative.py:867: ConvergenceWarning: [IterativeImputer] Early stopping criterion not reached.
  warnings.warn(
/home/hustle/hustle/DataForgeML/venv/lib/python3.12/site-packages/sklearn/impute/_iterative.py:867: ConvergenceWarning: [IterativeImputer] Early stopping criterion not reached.
  warnings.warn(
  seed  18: skewed all_rmse=5.8729 | matched all_rmse=0.7007 | ideal all_rmse=0.5673
/home/hustle/hustle/DataForgeML/venv/lib/python3.12/site-packages/sklearn/impute/_iterative.py:867: ConvergenceWarning: [IterativeImputer] Early stopping criterion not reached.
  warnings.warn(
/home/hustle/hustle/DataForgeML/venv/lib/python3.12/site-packages/sklearn/impute/_iterative.py:867: ConvergenceWarning: [IterativeImputer] Early stopping criterion not reached.
  warnings.warn(
/home/hustle/hustle/DataForgeML/venv/lib/python3.12/site-packages/sklearn/impute/_iterative.py:867: ConvergenceWarning: [IterativeImputer] Early stopping criterion not reached.
  warnings.warn(
  seed  19: skewed all_rmse=2.3745 | matched all_rmse=1.2393 | ideal all_rmse=0.7154
/home/hustle/hustle/DataForgeML/venv/lib/python3.12/site-packages/sklearn/impute/_iterative.py:867: ConvergenceWarning: [IterativeImputer] Early stopping criterion not reached.
  warnings.warn(
/home/hustle/hustle/DataForgeML/venv/lib/python3.12/site-packages/sklearn/impute/_iterative.py:867: ConvergenceWarning: [IterativeImputer] Early stopping criterion not reached.
  warnings.warn(
/home/hustle/hustle/DataForgeML/venv/lib/python3.12/site-packages/sklearn/impute/_iterative.py:867: ConvergenceWarning: [IterativeImputer] Early stopping criterion not reached.
  warnings.warn(
  seed  20: skewed all_rmse=0.7317 | matched all_rmse=0.5670 | ideal all_rmse=0.4918
/home/hustle/hustle/DataForgeML/venv/lib/python3.12/site-packages/sklearn/impute/_iterative.py:867: ConvergenceWarning: [IterativeImputer] Early stopping criterion not reached.
  warnings.warn(
/home/hustle/hustle/DataForgeML/venv/lib/python3.12/site-packages/sklearn/impute/_iterative.py:867: ConvergenceWarning: [IterativeImputer] Early stopping criterion not reached.
  warnings.warn(
/home/hustle/hustle/DataForgeML/venv/lib/python3.12/site-packages/sklearn/impute/_iterative.py:867: ConvergenceWarning: [IterativeImputer] Early stopping criterion not reached.
  warnings.warn(
  seed  21: skewed all_rmse=1.0882 | matched all_rmse=0.5288 | ideal all_rmse=0.4723
/home/hustle/hustle/DataForgeML/venv/lib/python3.12/site-packages/sklearn/impute/_iterative.py:867: ConvergenceWarning: [IterativeImputer] Early stopping criterion not reached.
  warnings.warn(
/home/hustle/hustle/DataForgeML/venv/lib/python3.12/site-packages/sklearn/impute/_iterative.py:867: ConvergenceWarning: [IterativeImputer] Early stopping criterion not reached.
  warnings.warn(
/home/hustle/hustle/DataForgeML/venv/lib/python3.12/site-packages/sklearn/impute/_iterative.py:867: ConvergenceWarning: [IterativeImputer] Early stopping criterion not reached.
  warnings.warn(
  seed  22: skewed all_rmse=1.4339 | matched all_rmse=1.1493 | ideal all_rmse=0.8462
/home/hustle/hustle/DataForgeML/venv/lib/python3.12/site-packages/sklearn/impute/_iterative.py:867: ConvergenceWarning: [IterativeImputer] Early stopping criterion not reached.
  warnings.warn(
/home/hustle/hustle/DataForgeML/venv/lib/python3.12/site-packages/sklearn/impute/_iterative.py:867: ConvergenceWarning: [IterativeImputer] Early stopping criterion not reached.
  warnings.warn(
/home/hustle/hustle/DataForgeML/venv/lib/python3.12/site-packages/sklearn/impute/_iterative.py:867: ConvergenceWarning: [IterativeImputer] Early stopping criterion not reached.
  warnings.warn(
  seed  23: skewed all_rmse=3.6591 | matched all_rmse=1.6602 | ideal all_rmse=0.6230
/home/hustle/hustle/DataForgeML/venv/lib/python3.12/site-packages/sklearn/impute/_iterative.py:867: ConvergenceWarning: [IterativeImputer] Early stopping criterion not reached.
  warnings.warn(
/home/hustle/hustle/DataForgeML/venv/lib/python3.12/site-packages/sklearn/impute/_iterative.py:867: ConvergenceWarning: [IterativeImputer] Early stopping criterion not reached.
  warnings.warn(
/home/hustle/hustle/DataForgeML/venv/lib/python3.12/site-packages/sklearn/impute/_iterative.py:867: ConvergenceWarning: [IterativeImputer] Early stopping criterion not reached.
  warnings.warn(
  seed  24: skewed all_rmse=2.7754 | matched all_rmse=1.8812 | ideal all_rmse=0.8573
/home/hustle/hustle/DataForgeML/venv/lib/python3.12/site-packages/sklearn/impute/_iterative.py:867: ConvergenceWarning: [IterativeImputer] Early stopping criterion not reached.
  warnings.warn(
/home/hustle/hustle/DataForgeML/venv/lib/python3.12/site-packages/sklearn/impute/_iterative.py:867: ConvergenceWarning: [IterativeImputer] Early stopping criterion not reached.
  warnings.warn(
/home/hustle/hustle/DataForgeML/venv/lib/python3.12/site-packages/sklearn/impute/_iterative.py:867: ConvergenceWarning: [IterativeImputer] Early stopping criterion not reached.
  warnings.warn(
  seed  25: skewed all_rmse=3.7709 | matched all_rmse=1.5140 | ideal all_rmse=1.0436
/home/hustle/hustle/DataForgeML/venv/lib/python3.12/site-packages/sklearn/impute/_iterative.py:867: ConvergenceWarning: [IterativeImputer] Early stopping criterion not reached.
  warnings.warn(
/home/hustle/hustle/DataForgeML/venv/lib/python3.12/site-packages/sklearn/impute/_iterative.py:867: ConvergenceWarning: [IterativeImputer] Early stopping criterion not reached.
  warnings.warn(
/home/hustle/hustle/DataForgeML/venv/lib/python3.12/site-packages/sklearn/impute/_iterative.py:867: ConvergenceWarning: [IterativeImputer] Early stopping criterion not reached.
  warnings.warn(
  seed  26: skewed all_rmse=1.3616 | matched all_rmse=0.8877 | ideal all_rmse=0.6502
/home/hustle/hustle/DataForgeML/venv/lib/python3.12/site-packages/sklearn/impute/_iterative.py:867: ConvergenceWarning: [IterativeImputer] Early stopping criterion not reached.
  warnings.warn(
/home/hustle/hustle/DataForgeML/venv/lib/python3.12/site-packages/sklearn/impute/_iterative.py:867: ConvergenceWarning: [IterativeImputer] Early stopping criterion not reached.
  warnings.warn(
  seed  27: skewed all_rmse=4.7107 | matched all_rmse=1.0660 | ideal all_rmse=2.1779
/home/hustle/hustle/DataForgeML/venv/lib/python3.12/site-packages/sklearn/impute/_iterative.py:867: ConvergenceWarning: [IterativeImputer] Early stopping criterion not reached.
  warnings.warn(
/home/hustle/hustle/DataForgeML/venv/lib/python3.12/site-packages/sklearn/impute/_iterative.py:867: ConvergenceWarning: [IterativeImputer] Early stopping criterion not reached.
  warnings.warn(
/home/hustle/hustle/DataForgeML/venv/lib/python3.12/site-packages/sklearn/impute/_iterative.py:867: ConvergenceWarning: [IterativeImputer] Early stopping criterion not reached.
  warnings.warn(
  seed  28: skewed all_rmse=4.8398 | matched all_rmse=0.9861 | ideal all_rmse=0.5874
/home/hustle/hustle/DataForgeML/venv/lib/python3.12/site-packages/sklearn/impute/_iterative.py:867: ConvergenceWarning: [IterativeImputer] Early stopping criterion not reached.
  warnings.warn(
/home/hustle/hustle/DataForgeML/venv/lib/python3.12/site-packages/sklearn/impute/_iterative.py:867: ConvergenceWarning: [IterativeImputer] Early stopping criterion not reached.
  warnings.warn(
/home/hustle/hustle/DataForgeML/venv/lib/python3.12/site-packages/sklearn/impute/_iterative.py:867: ConvergenceWarning: [IterativeImputer] Early stopping criterion not reached.
  warnings.warn(
  seed  29: skewed all_rmse=0.7045 | matched all_rmse=0.5984 | ideal all_rmse=0.5284
{
  "means": {
    "skewed": {
      "ex_reg": {
        "rmse_mean": 2.2922368918208655,
        "rmse_std": 1.4784392635595125,
        "mae_mean": 0.70657076082035
      },
      "mice": {
        "rmse_mean": 1.7371144010302144,
        "rmse_std": 1.5389573718587424,
        "mae_mean": 0.6277617509887347
      },
      "all": {
        "rmse_mean": 2.123625028915409,
        "rmse_std": 1.3950981923078116,
        "mae_mean": 0.667679787987254
      },
      "time_mean": 0.37954270136700263
    },
    "matched": {
      "ex_reg": {
        "rmse_mean": 1.0954811936575235,
        "rmse_std": 0.40730419371535526,
        "mae_mean": 0.6183520784901779
      },
      "mice": {
        "rmse_mean": 0.9561818896437398,
        "rmse_std": 0.5505847381267295,
        "mae_mean": 0.5485825184396851
      },
      "all": {
        "rmse_mean": 1.047453527847843,
        "rmse_std": 0.43885274467575086,
        "mae_mean": 0.5835981953068194
      },
      "time_mean": 0.34490403846672657
    },
    "ideal": {
      "ex_reg": {
        "rmse_mean": 0.7741243370920993,
        "rmse_std": 0.47838592506060873,
        "mae_mean": 0.4291809096895139
      },
      "mice": {
        "rmse_mean": 0.7140001073442953,
        "rmse_std": 0.34436122865598084,
        "mae_mean": 0.4716374621339682
      },
      "all": {
        "rmse_mean": 0.7587388735029277,
        "rmse_std": 0.39240984875624363,
        "mae_mean": 0.450484983889712
      },
      "time_mean": 0.3595642865334715
    }
  },
  "pairwise": {
    "skewed_vs_matched::ex_reg": {
      "wins_skewed": 0,
      "wins_matched": 30,
      "ties": 0,
      "mean_rel_diff_pct": 106.93660195348875,
      "worst_case_pct": 392.2156799234014
    },
    "matched_vs_ideal::ex_reg": {
      "wins_matched": 1,
      "wins_ideal": 29,
      "ties": 0,
      "mean_rel_diff_pct": 54.09289992417232,
      "worst_case_pct": 171.4457730860808
    },
    "skewed_vs_matched::mice": {
      "wins_skewed": 3,
      "wins_matched": 27,
      "ties": 0,
      "mean_rel_diff_pct": 99.08293722603803,
      "worst_case_pct": 1067.476793626245
    },
    "matched_vs_ideal::mice": {
      "wins_matched": 1,
      "wins_ideal": 29,
      "ties": 0,
      "mean_rel_diff_pct": 32.332933006662046,
      "worst_case_pct": 157.18085590297312
    },
    "skewed_vs_matched::all": {
      "wins_skewed": 0,
      "wins_matched": 30,
      "ties": 0,
      "mean_rel_diff_pct": 107.87144314393255,
      "worst_case_pct": 738.1153394682824
    },
    "matched_vs_ideal::all": {
      "wins_matched": 1,
      "wins_ideal": 29,
      "ties": 0,
      "mean_rel_diff_pct": 44.545060505689854,
      "worst_case_pct": 166.47330263050674
    }
  }
}

=== linear_mar (estimator=bayesian_ridge, n_rows=1000, 30 seeds) ===
/home/hustle/hustle/DataForgeML/venv/lib/python3.12/site-packages/sklearn/impute/_iterative.py:867: ConvergenceWarning: [IterativeImputer] Early stopping criterion not reached.
  warnings.warn(
/home/hustle/hustle/DataForgeML/venv/lib/python3.12/site-packages/sklearn/impute/_iterative.py:867: ConvergenceWarning: [IterativeImputer] Early stopping criterion not reached.
  warnings.warn(
/home/hustle/hustle/DataForgeML/venv/lib/python3.12/site-packages/sklearn/impute/_iterative.py:867: ConvergenceWarning: [IterativeImputer] Early stopping criterion not reached.
  warnings.warn(
  seed   0: skewed all_rmse=1.0338 | matched all_rmse=0.5817 | ideal all_rmse=0.6738
/home/hustle/hustle/DataForgeML/venv/lib/python3.12/site-packages/sklearn/impute/_iterative.py:867: ConvergenceWarning: [IterativeImputer] Early stopping criterion not reached.
  warnings.warn(
/home/hustle/hustle/DataForgeML/venv/lib/python3.12/site-packages/sklearn/impute/_iterative.py:867: ConvergenceWarning: [IterativeImputer] Early stopping criterion not reached.
  warnings.warn(
/home/hustle/hustle/DataForgeML/venv/lib/python3.12/site-packages/sklearn/impute/_iterative.py:867: ConvergenceWarning: [IterativeImputer] Early stopping criterion not reached.
  warnings.warn(
  seed   1: skewed all_rmse=1.8228 | matched all_rmse=1.5963 | ideal all_rmse=0.5967
/home/hustle/hustle/DataForgeML/venv/lib/python3.12/site-packages/sklearn/impute/_iterative.py:867: ConvergenceWarning: [IterativeImputer] Early stopping criterion not reached.
  warnings.warn(
/home/hustle/hustle/DataForgeML/venv/lib/python3.12/site-packages/sklearn/impute/_iterative.py:867: ConvergenceWarning: [IterativeImputer] Early stopping criterion not reached.
  warnings.warn(
/home/hustle/hustle/DataForgeML/venv/lib/python3.12/site-packages/sklearn/impute/_iterative.py:867: ConvergenceWarning: [IterativeImputer] Early stopping criterion not reached.
  warnings.warn(
  seed   2: skewed all_rmse=2.2742 | matched all_rmse=0.8596 | ideal all_rmse=0.7793
/home/hustle/hustle/DataForgeML/venv/lib/python3.12/site-packages/sklearn/impute/_iterative.py:867: ConvergenceWarning: [IterativeImputer] Early stopping criterion not reached.
  warnings.warn(
/home/hustle/hustle/DataForgeML/venv/lib/python3.12/site-packages/sklearn/impute/_iterative.py:867: ConvergenceWarning: [IterativeImputer] Early stopping criterion not reached.
  warnings.warn(
/home/hustle/hustle/DataForgeML/venv/lib/python3.12/site-packages/sklearn/impute/_iterative.py:867: ConvergenceWarning: [IterativeImputer] Early stopping criterion not reached.
  warnings.warn(
  seed   3: skewed all_rmse=1.0196 | matched all_rmse=0.8121 | ideal all_rmse=0.5759
/home/hustle/hustle/DataForgeML/venv/lib/python3.12/site-packages/sklearn/impute/_iterative.py:867: ConvergenceWarning: [IterativeImputer] Early stopping criterion not reached.
  warnings.warn(
/home/hustle/hustle/DataForgeML/venv/lib/python3.12/site-packages/sklearn/impute/_iterative.py:867: ConvergenceWarning: [IterativeImputer] Early stopping criterion not reached.
  warnings.warn(
/home/hustle/hustle/DataForgeML/venv/lib/python3.12/site-packages/sklearn/impute/_iterative.py:867: ConvergenceWarning: [IterativeImputer] Early stopping criterion not reached.
  warnings.warn(
  seed   4: skewed all_rmse=0.8108 | matched all_rmse=0.7287 | ideal all_rmse=0.5457
/home/hustle/hustle/DataForgeML/venv/lib/python3.12/site-packages/sklearn/impute/_iterative.py:867: ConvergenceWarning: [IterativeImputer] Early stopping criterion not reached.
  warnings.warn(
/home/hustle/hustle/DataForgeML/venv/lib/python3.12/site-packages/sklearn/impute/_iterative.py:867: ConvergenceWarning: [IterativeImputer] Early stopping criterion not reached.
  warnings.warn(
/home/hustle/hustle/DataForgeML/venv/lib/python3.12/site-packages/sklearn/impute/_iterative.py:867: ConvergenceWarning: [IterativeImputer] Early stopping criterion not reached.
  warnings.warn(
  seed   5: skewed all_rmse=2.6851 | matched all_rmse=0.9431 | ideal all_rmse=0.7532
/home/hustle/hustle/DataForgeML/venv/lib/python3.12/site-packages/sklearn/impute/_iterative.py:867: ConvergenceWarning: [IterativeImputer] Early stopping criterion not reached.
  warnings.warn(
/home/hustle/hustle/DataForgeML/venv/lib/python3.12/site-packages/sklearn/impute/_iterative.py:867: ConvergenceWarning: [IterativeImputer] Early stopping criterion not reached.
  warnings.warn(
/home/hustle/hustle/DataForgeML/venv/lib/python3.12/site-packages/sklearn/impute/_iterative.py:867: ConvergenceWarning: [IterativeImputer] Early stopping criterion not reached.
  warnings.warn(
  seed   6: skewed all_rmse=2.1958 | matched all_rmse=1.3062 | ideal all_rmse=1.2040
/home/hustle/hustle/DataForgeML/venv/lib/python3.12/site-packages/sklearn/impute/_iterative.py:867: ConvergenceWarning: [IterativeImputer] Early stopping criterion not reached.
  warnings.warn(
/home/hustle/hustle/DataForgeML/venv/lib/python3.12/site-packages/sklearn/impute/_iterative.py:867: ConvergenceWarning: [IterativeImputer] Early stopping criterion not reached.
  warnings.warn(
  seed   7: skewed all_rmse=0.8224 | matched all_rmse=0.8192 | ideal all_rmse=0.6198
/home/hustle/hustle/DataForgeML/venv/lib/python3.12/site-packages/sklearn/impute/_iterative.py:867: ConvergenceWarning: [IterativeImputer] Early stopping criterion not reached.
  warnings.warn(
/home/hustle/hustle/DataForgeML/venv/lib/python3.12/site-packages/sklearn/impute/_iterative.py:867: ConvergenceWarning: [IterativeImputer] Early stopping criterion not reached.
  warnings.warn(
/home/hustle/hustle/DataForgeML/venv/lib/python3.12/site-packages/sklearn/impute/_iterative.py:867: ConvergenceWarning: [IterativeImputer] Early stopping criterion not reached.
  warnings.warn(
  seed   8: skewed all_rmse=2.2637 | matched all_rmse=1.2792 | ideal all_rmse=0.5467
/home/hustle/hustle/DataForgeML/venv/lib/python3.12/site-packages/sklearn/impute/_iterative.py:867: ConvergenceWarning: [IterativeImputer] Early stopping criterion not reached.
  warnings.warn(
/home/hustle/hustle/DataForgeML/venv/lib/python3.12/site-packages/sklearn/impute/_iterative.py:867: ConvergenceWarning: [IterativeImputer] Early stopping criterion not reached.
  warnings.warn(
/home/hustle/hustle/DataForgeML/venv/lib/python3.12/site-packages/sklearn/impute/_iterative.py:867: ConvergenceWarning: [IterativeImputer] Early stopping criterion not reached.
  warnings.warn(
  seed   9: skewed all_rmse=1.2539 | matched all_rmse=1.0588 | ideal all_rmse=0.7076
/home/hustle/hustle/DataForgeML/venv/lib/python3.12/site-packages/sklearn/impute/_iterative.py:867: ConvergenceWarning: [IterativeImputer] Early stopping criterion not reached.
  warnings.warn(
/home/hustle/hustle/DataForgeML/venv/lib/python3.12/site-packages/sklearn/impute/_iterative.py:867: ConvergenceWarning: [IterativeImputer] Early stopping criterion not reached.
  warnings.warn(
/home/hustle/hustle/DataForgeML/venv/lib/python3.12/site-packages/sklearn/impute/_iterative.py:867: ConvergenceWarning: [IterativeImputer] Early stopping criterion not reached.
  warnings.warn(
  seed  10: skewed all_rmse=0.6775 | matched all_rmse=0.6631 | ideal all_rmse=0.5872
/home/hustle/hustle/DataForgeML/venv/lib/python3.12/site-packages/sklearn/impute/_iterative.py:867: ConvergenceWarning: [IterativeImputer] Early stopping criterion not reached.
  warnings.warn(
/home/hustle/hustle/DataForgeML/venv/lib/python3.12/site-packages/sklearn/impute/_iterative.py:867: ConvergenceWarning: [IterativeImputer] Early stopping criterion not reached.
  warnings.warn(
/home/hustle/hustle/DataForgeML/venv/lib/python3.12/site-packages/sklearn/impute/_iterative.py:867: ConvergenceWarning: [IterativeImputer] Early stopping criterion not reached.
  warnings.warn(
  seed  11: skewed all_rmse=0.9110 | matched all_rmse=0.6014 | ideal all_rmse=0.5100
/home/hustle/hustle/DataForgeML/venv/lib/python3.12/site-packages/sklearn/impute/_iterative.py:867: ConvergenceWarning: [IterativeImputer] Early stopping criterion not reached.
  warnings.warn(
/home/hustle/hustle/DataForgeML/venv/lib/python3.12/site-packages/sklearn/impute/_iterative.py:867: ConvergenceWarning: [IterativeImputer] Early stopping criterion not reached.
  warnings.warn(
/home/hustle/hustle/DataForgeML/venv/lib/python3.12/site-packages/sklearn/impute/_iterative.py:867: ConvergenceWarning: [IterativeImputer] Early stopping criterion not reached.
  warnings.warn(
  seed  12: skewed all_rmse=3.9509 | matched all_rmse=2.5673 | ideal all_rmse=5.3936
/home/hustle/hustle/DataForgeML/venv/lib/python3.12/site-packages/sklearn/impute/_iterative.py:867: ConvergenceWarning: [IterativeImputer] Early stopping criterion not reached.
  warnings.warn(
/home/hustle/hustle/DataForgeML/venv/lib/python3.12/site-packages/sklearn/impute/_iterative.py:867: ConvergenceWarning: [IterativeImputer] Early stopping criterion not reached.
  warnings.warn(
/home/hustle/hustle/DataForgeML/venv/lib/python3.12/site-packages/sklearn/impute/_iterative.py:867: ConvergenceWarning: [IterativeImputer] Early stopping criterion not reached.
  warnings.warn(
  seed  13: skewed all_rmse=1.2108 | matched all_rmse=0.8134 | ideal all_rmse=0.6539
/home/hustle/hustle/DataForgeML/venv/lib/python3.12/site-packages/sklearn/impute/_iterative.py:867: ConvergenceWarning: [IterativeImputer] Early stopping criterion not reached.
  warnings.warn(
/home/hustle/hustle/DataForgeML/venv/lib/python3.12/site-packages/sklearn/impute/_iterative.py:867: ConvergenceWarning: [IterativeImputer] Early stopping criterion not reached.
  warnings.warn(
/home/hustle/hustle/DataForgeML/venv/lib/python3.12/site-packages/sklearn/impute/_iterative.py:867: ConvergenceWarning: [IterativeImputer] Early stopping criterion not reached.
  warnings.warn(
  seed  14: skewed all_rmse=0.6255 | matched all_rmse=0.6147 | ideal all_rmse=0.5264
/home/hustle/hustle/DataForgeML/venv/lib/python3.12/site-packages/sklearn/impute/_iterative.py:867: ConvergenceWarning: [IterativeImputer] Early stopping criterion not reached.
  warnings.warn(
/home/hustle/hustle/DataForgeML/venv/lib/python3.12/site-packages/sklearn/impute/_iterative.py:867: ConvergenceWarning: [IterativeImputer] Early stopping criterion not reached.
  warnings.warn(
/home/hustle/hustle/DataForgeML/venv/lib/python3.12/site-packages/sklearn/impute/_iterative.py:867: ConvergenceWarning: [IterativeImputer] Early stopping criterion not reached.
  warnings.warn(
  seed  15: skewed all_rmse=1.2522 | matched all_rmse=0.6994 | ideal all_rmse=0.5302
/home/hustle/hustle/DataForgeML/venv/lib/python3.12/site-packages/sklearn/impute/_iterative.py:867: ConvergenceWarning: [IterativeImputer] Early stopping criterion not reached.
  warnings.warn(
/home/hustle/hustle/DataForgeML/venv/lib/python3.12/site-packages/sklearn/impute/_iterative.py:867: ConvergenceWarning: [IterativeImputer] Early stopping criterion not reached.
  warnings.warn(
/home/hustle/hustle/DataForgeML/venv/lib/python3.12/site-packages/sklearn/impute/_iterative.py:867: ConvergenceWarning: [IterativeImputer] Early stopping criterion not reached.
  warnings.warn(
  seed  16: skewed all_rmse=0.9199 | matched all_rmse=0.8363 | ideal all_rmse=0.6173
/home/hustle/hustle/DataForgeML/venv/lib/python3.12/site-packages/sklearn/impute/_iterative.py:867: ConvergenceWarning: [IterativeImputer] Early stopping criterion not reached.
  warnings.warn(
/home/hustle/hustle/DataForgeML/venv/lib/python3.12/site-packages/sklearn/impute/_iterative.py:867: ConvergenceWarning: [IterativeImputer] Early stopping criterion not reached.
  warnings.warn(
/home/hustle/hustle/DataForgeML/venv/lib/python3.12/site-packages/sklearn/impute/_iterative.py:867: ConvergenceWarning: [IterativeImputer] Early stopping criterion not reached.
  warnings.warn(
  seed  17: skewed all_rmse=1.1233 | matched all_rmse=0.8808 | ideal all_rmse=0.5382
/home/hustle/hustle/DataForgeML/venv/lib/python3.12/site-packages/sklearn/impute/_iterative.py:867: ConvergenceWarning: [IterativeImputer] Early stopping criterion not reached.
  warnings.warn(
/home/hustle/hustle/DataForgeML/venv/lib/python3.12/site-packages/sklearn/impute/_iterative.py:867: ConvergenceWarning: [IterativeImputer] Early stopping criterion not reached.
  warnings.warn(
/home/hustle/hustle/DataForgeML/venv/lib/python3.12/site-packages/sklearn/impute/_iterative.py:867: ConvergenceWarning: [IterativeImputer] Early stopping criterion not reached.
  warnings.warn(
  seed  18: skewed all_rmse=4.7025 | matched all_rmse=0.7736 | ideal all_rmse=0.5560
/home/hustle/hustle/DataForgeML/venv/lib/python3.12/site-packages/sklearn/impute/_iterative.py:867: ConvergenceWarning: [IterativeImputer] Early stopping criterion not reached.
  warnings.warn(
/home/hustle/hustle/DataForgeML/venv/lib/python3.12/site-packages/sklearn/impute/_iterative.py:867: ConvergenceWarning: [IterativeImputer] Early stopping criterion not reached.
  warnings.warn(
/home/hustle/hustle/DataForgeML/venv/lib/python3.12/site-packages/sklearn/impute/_iterative.py:867: ConvergenceWarning: [IterativeImputer] Early stopping criterion not reached.
  warnings.warn(
  seed  19: skewed all_rmse=1.1073 | matched all_rmse=0.8671 | ideal all_rmse=0.5863
/home/hustle/hustle/DataForgeML/venv/lib/python3.12/site-packages/sklearn/impute/_iterative.py:867: ConvergenceWarning: [IterativeImputer] Early stopping criterion not reached.
  warnings.warn(
/home/hustle/hustle/DataForgeML/venv/lib/python3.12/site-packages/sklearn/impute/_iterative.py:867: ConvergenceWarning: [IterativeImputer] Early stopping criterion not reached.
  warnings.warn(
/home/hustle/hustle/DataForgeML/venv/lib/python3.12/site-packages/sklearn/impute/_iterative.py:867: ConvergenceWarning: [IterativeImputer] Early stopping criterion not reached.
  warnings.warn(
  seed  20: skewed all_rmse=2.2500 | matched all_rmse=0.6436 | ideal all_rmse=0.5192
/home/hustle/hustle/DataForgeML/venv/lib/python3.12/site-packages/sklearn/impute/_iterative.py:867: ConvergenceWarning: [IterativeImputer] Early stopping criterion not reached.
  warnings.warn(
/home/hustle/hustle/DataForgeML/venv/lib/python3.12/site-packages/sklearn/impute/_iterative.py:867: ConvergenceWarning: [IterativeImputer] Early stopping criterion not reached.
  warnings.warn(
/home/hustle/hustle/DataForgeML/venv/lib/python3.12/site-packages/sklearn/impute/_iterative.py:867: ConvergenceWarning: [IterativeImputer] Early stopping criterion not reached.
  warnings.warn(
  seed  21: skewed all_rmse=1.0418 | matched all_rmse=0.6160 | ideal all_rmse=0.5413
/home/hustle/hustle/DataForgeML/venv/lib/python3.12/site-packages/sklearn/impute/_iterative.py:867: ConvergenceWarning: [IterativeImputer] Early stopping criterion not reached.
  warnings.warn(
/home/hustle/hustle/DataForgeML/venv/lib/python3.12/site-packages/sklearn/impute/_iterative.py:867: ConvergenceWarning: [IterativeImputer] Early stopping criterion not reached.
  warnings.warn(
/home/hustle/hustle/DataForgeML/venv/lib/python3.12/site-packages/sklearn/impute/_iterative.py:867: ConvergenceWarning: [IterativeImputer] Early stopping criterion not reached.
  warnings.warn(
  seed  22: skewed all_rmse=1.2977 | matched all_rmse=0.9432 | ideal all_rmse=0.6390
/home/hustle/hustle/DataForgeML/venv/lib/python3.12/site-packages/sklearn/impute/_iterative.py:867: ConvergenceWarning: [IterativeImputer] Early stopping criterion not reached.
  warnings.warn(
/home/hustle/hustle/DataForgeML/venv/lib/python3.12/site-packages/sklearn/impute/_iterative.py:867: ConvergenceWarning: [IterativeImputer] Early stopping criterion not reached.
  warnings.warn(
/home/hustle/hustle/DataForgeML/venv/lib/python3.12/site-packages/sklearn/impute/_iterative.py:867: ConvergenceWarning: [IterativeImputer] Early stopping criterion not reached.
  warnings.warn(
  seed  23: skewed all_rmse=2.1568 | matched all_rmse=1.1858 | ideal all_rmse=0.6329
/home/hustle/hustle/DataForgeML/venv/lib/python3.12/site-packages/sklearn/impute/_iterative.py:867: ConvergenceWarning: [IterativeImputer] Early stopping criterion not reached.
  warnings.warn(
/home/hustle/hustle/DataForgeML/venv/lib/python3.12/site-packages/sklearn/impute/_iterative.py:867: ConvergenceWarning: [IterativeImputer] Early stopping criterion not reached.
  warnings.warn(
/home/hustle/hustle/DataForgeML/venv/lib/python3.12/site-packages/sklearn/impute/_iterative.py:867: ConvergenceWarning: [IterativeImputer] Early stopping criterion not reached.
  warnings.warn(
  seed  24: skewed all_rmse=3.5474 | matched all_rmse=1.7379 | ideal all_rmse=0.8691
/home/hustle/hustle/DataForgeML/venv/lib/python3.12/site-packages/sklearn/impute/_iterative.py:867: ConvergenceWarning: [IterativeImputer] Early stopping criterion not reached.
  warnings.warn(
/home/hustle/hustle/DataForgeML/venv/lib/python3.12/site-packages/sklearn/impute/_iterative.py:867: ConvergenceWarning: [IterativeImputer] Early stopping criterion not reached.
  warnings.warn(
/home/hustle/hustle/DataForgeML/venv/lib/python3.12/site-packages/sklearn/impute/_iterative.py:867: ConvergenceWarning: [IterativeImputer] Early stopping criterion not reached.
  warnings.warn(
  seed  25: skewed all_rmse=2.8777 | matched all_rmse=2.0361 | ideal all_rmse=0.8494
/home/hustle/hustle/DataForgeML/venv/lib/python3.12/site-packages/sklearn/impute/_iterative.py:867: ConvergenceWarning: [IterativeImputer] Early stopping criterion not reached.
  warnings.warn(
/home/hustle/hustle/DataForgeML/venv/lib/python3.12/site-packages/sklearn/impute/_iterative.py:867: ConvergenceWarning: [IterativeImputer] Early stopping criterion not reached.
  warnings.warn(
/home/hustle/hustle/DataForgeML/venv/lib/python3.12/site-packages/sklearn/impute/_iterative.py:867: ConvergenceWarning: [IterativeImputer] Early stopping criterion not reached.
  warnings.warn(
  seed  26: skewed all_rmse=1.3520 | matched all_rmse=0.8670 | ideal all_rmse=0.6440
/home/hustle/hustle/DataForgeML/venv/lib/python3.12/site-packages/sklearn/impute/_iterative.py:867: ConvergenceWarning: [IterativeImputer] Early stopping criterion not reached.
  warnings.warn(
  seed  27: skewed all_rmse=5.2838 | matched all_rmse=2.5563 | ideal all_rmse=1.3829
/home/hustle/hustle/DataForgeML/venv/lib/python3.12/site-packages/sklearn/impute/_iterative.py:867: ConvergenceWarning: [IterativeImputer] Early stopping criterion not reached.
  warnings.warn(
/home/hustle/hustle/DataForgeML/venv/lib/python3.12/site-packages/sklearn/impute/_iterative.py:867: ConvergenceWarning: [IterativeImputer] Early stopping criterion not reached.
  warnings.warn(
/home/hustle/hustle/DataForgeML/venv/lib/python3.12/site-packages/sklearn/impute/_iterative.py:867: ConvergenceWarning: [IterativeImputer] Early stopping criterion not reached.
  warnings.warn(
  seed  28: skewed all_rmse=1.6270 | matched all_rmse=0.7986 | ideal all_rmse=0.5607
/home/hustle/hustle/DataForgeML/venv/lib/python3.12/site-packages/sklearn/impute/_iterative.py:867: ConvergenceWarning: [IterativeImputer] Early stopping criterion not reached.
  warnings.warn(
/home/hustle/hustle/DataForgeML/venv/lib/python3.12/site-packages/sklearn/impute/_iterative.py:867: ConvergenceWarning: [IterativeImputer] Early stopping criterion not reached.
  warnings.warn(
/home/hustle/hustle/DataForgeML/venv/lib/python3.12/site-packages/sklearn/impute/_iterative.py:867: ConvergenceWarning: [IterativeImputer] Early stopping criterion not reached.
  warnings.warn(
  seed  29: skewed all_rmse=0.7327 | matched all_rmse=0.6124 | ideal all_rmse=0.5367
{
  "means": {
    "skewed": {
      "ex_reg": {
        "rmse_mean": 1.9405595110150946,
        "rmse_std": 1.3362614646404933,
        "mae_mean": 0.6799291345170322
      },
      "mice": {
        "rmse_mean": 1.5325537455636102,
        "rmse_std": 1.2607893611582002,
        "mae_mean": 0.6161745901700159
      },
      "all": {
        "rmse_mean": 1.8276693974038356,
        "rmse_std": 1.1902995705939978,
        "mae_mean": 0.6484776836684571
      },
      "time_mean": 0.3863729011996232
    },
    "matched": {
      "ex_reg": {
        "rmse_mean": 1.1466064596839005,
        "rmse_std": 0.7284793547289106,
        "mae_mean": 0.6502115590059919
      },
      "mice": {
        "rmse_mean": 0.8758699965278505,
        "rmse_std": 0.36670257574013776,
        "mae_mean": 0.5477502289510332
      },
      "all": {
        "rmse_mean": 1.0432955403067,
        "rmse_std": 0.5318907022855174,
        "mae_mean": 0.5992552811928848
      },
      "time_mean": 0.3493296160331132
    },
    "ideal": {
      "ex_reg": {
        "rmse_mean": 0.8718615750238541,
        "rmse_std": 1.1493415280824795,
        "mae_mean": 0.4381034202089635
      },
      "mice": {
        "rmse_mean": 0.7389766831108429,
        "rmse_std": 0.5301315975306439,
        "mae_mean": 0.476077091781782
      },
      "all": {
        "rmse_mean": 0.8225739822893297,
        "rmse_std": 0.8704823312604115,
        "mae_mean": 0.45715510335693954
      },
      "time_mean": 0.36820841090023654
    }
  },
  "pairwise": {
    "skewed_vs_matched::ex_reg": {
      "wins_skewed": 3,
      "wins_matched": 27,
      "ties": 0,
      "mean_rel_diff_pct": 70.9014737987012,
      "worst_case_pct": 255.1885062852602
    },
    "matched_vs_ideal::ex_reg": {
      "wins_matched": 2,
      "wins_ideal": 28,
      "ties": 0,
      "mean_rel_diff_pct": 55.934404420833815,
      "worst_case_pct": 201.49577927482474
    },
    "skewed_vs_matched::mice": {
      "wins_skewed": 5,
      "wins_matched": 25,
      "ties": 0,
      "mean_rel_diff_pct": 75.86628095481245,
      "worst_case_pct": 797.5375330187128
    },
    "matched_vs_ideal::mice": {
      "wins_matched": 2,
      "wins_ideal": 28,
      "ties": 0,
      "mean_rel_diff_pct": 27.227705403272072,
      "worst_case_pct": 144.64703006779348
    },
    "skewed_vs_matched::all": {
      "wins_skewed": 0,
      "wins_matched": 30,
      "ties": 0,
      "mean_rel_diff_pct": 77.39514089659986,
      "worst_case_pct": 507.85288320582725
    },
    "matched_vs_ideal::all": {
      "wins_matched": 2,
      "wins_ideal": 28,
      "ties": 0,
      "mean_rel_diff_pct": 43.808000647431975,
      "worst_case_pct": 167.5276912243274
    }
  }
}

=== nonlinear_mcar (estimator=random_forest_regressor, n_rows=600, 30 seeds) ===
/home/hustle/hustle/DataForgeML/venv/lib/python3.12/site-packages/sklearn/impute/_iterative.py:867: ConvergenceWarning: [IterativeImputer] Early stopping criterion not reached.
  warnings.warn(
/home/hustle/hustle/DataForgeML/venv/lib/python3.12/site-packages/sklearn/impute/_iterative.py:867: ConvergenceWarning: [IterativeImputer] Early stopping criterion not reached.
  warnings.warn(
/home/hustle/hustle/DataForgeML/venv/lib/python3.12/site-packages/sklearn/impute/_iterative.py:867: ConvergenceWarning: [IterativeImputer] Early stopping criterion not reached.
  warnings.warn(
  seed   0: skewed all_rmse=0.8634 | matched all_rmse=0.9317 | ideal all_rmse=0.8324
/home/hustle/hustle/DataForgeML/venv/lib/python3.12/site-packages/sklearn/impute/_iterative.py:867: ConvergenceWarning: [IterativeImputer] Early stopping criterion not reached.
  warnings.warn(
/home/hustle/hustle/DataForgeML/venv/lib/python3.12/site-packages/sklearn/impute/_iterative.py:867: ConvergenceWarning: [IterativeImputer] Early stopping criterion not reached.
  warnings.warn(
/home/hustle/hustle/DataForgeML/venv/lib/python3.12/site-packages/sklearn/impute/_iterative.py:867: ConvergenceWarning: [IterativeImputer] Early stopping criterion not reached.
  warnings.warn(
  seed   1: skewed all_rmse=1.6366 | matched all_rmse=1.6015 | ideal all_rmse=1.5333
/home/hustle/hustle/DataForgeML/venv/lib/python3.12/site-packages/sklearn/impute/_iterative.py:867: ConvergenceWarning: [IterativeImputer] Early stopping criterion not reached.
  warnings.warn(
/home/hustle/hustle/DataForgeML/venv/lib/python3.12/site-packages/sklearn/impute/_iterative.py:867: ConvergenceWarning: [IterativeImputer] Early stopping criterion not reached.
  warnings.warn(
/home/hustle/hustle/DataForgeML/venv/lib/python3.12/site-packages/sklearn/impute/_iterative.py:867: ConvergenceWarning: [IterativeImputer] Early stopping criterion not reached.
  warnings.warn(
  seed   2: skewed all_rmse=1.0510 | matched all_rmse=1.1233 | ideal all_rmse=1.0598
/home/hustle/hustle/DataForgeML/venv/lib/python3.12/site-packages/sklearn/impute/_iterative.py:867: ConvergenceWarning: [IterativeImputer] Early stopping criterion not reached.
  warnings.warn(
/home/hustle/hustle/DataForgeML/venv/lib/python3.12/site-packages/sklearn/impute/_iterative.py:867: ConvergenceWarning: [IterativeImputer] Early stopping criterion not reached.
  warnings.warn(
/home/hustle/hustle/DataForgeML/venv/lib/python3.12/site-packages/sklearn/impute/_iterative.py:867: ConvergenceWarning: [IterativeImputer] Early stopping criterion not reached.
  warnings.warn(
  seed   3: skewed all_rmse=2.4131 | matched all_rmse=2.4201 | ideal all_rmse=2.3989
/home/hustle/hustle/DataForgeML/venv/lib/python3.12/site-packages/sklearn/impute/_iterative.py:867: ConvergenceWarning: [IterativeImputer] Early stopping criterion not reached.
  warnings.warn(
/home/hustle/hustle/DataForgeML/venv/lib/python3.12/site-packages/sklearn/impute/_iterative.py:867: ConvergenceWarning: [IterativeImputer] Early stopping criterion not reached.
  warnings.warn(
/home/hustle/hustle/DataForgeML/venv/lib/python3.12/site-packages/sklearn/impute/_iterative.py:867: ConvergenceWarning: [IterativeImputer] Early stopping criterion not reached.
  warnings.warn(
  seed   4: skewed all_rmse=0.7158 | matched all_rmse=0.6928 | ideal all_rmse=0.6564
/home/hustle/hustle/DataForgeML/venv/lib/python3.12/site-packages/sklearn/impute/_iterative.py:867: ConvergenceWarning: [IterativeImputer] Early stopping criterion not reached.
  warnings.warn(
/home/hustle/hustle/DataForgeML/venv/lib/python3.12/site-packages/sklearn/impute/_iterative.py:867: ConvergenceWarning: [IterativeImputer] Early stopping criterion not reached.
  warnings.warn(
/home/hustle/hustle/DataForgeML/venv/lib/python3.12/site-packages/sklearn/impute/_iterative.py:867: ConvergenceWarning: [IterativeImputer] Early stopping criterion not reached.
  warnings.warn(
  seed   5: skewed all_rmse=0.7783 | matched all_rmse=0.8340 | ideal all_rmse=0.7630
/home/hustle/hustle/DataForgeML/venv/lib/python3.12/site-packages/sklearn/impute/_iterative.py:867: ConvergenceWarning: [IterativeImputer] Early stopping criterion not reached.
  warnings.warn(
/home/hustle/hustle/DataForgeML/venv/lib/python3.12/site-packages/sklearn/impute/_iterative.py:867: ConvergenceWarning: [IterativeImputer] Early stopping criterion not reached.
  warnings.warn(
/home/hustle/hustle/DataForgeML/venv/lib/python3.12/site-packages/sklearn/impute/_iterative.py:867: ConvergenceWarning: [IterativeImputer] Early stopping criterion not reached.
  warnings.warn(
  seed   6: skewed all_rmse=1.3418 | matched all_rmse=1.4731 | ideal all_rmse=1.3478
/home/hustle/hustle/DataForgeML/venv/lib/python3.12/site-packages/sklearn/impute/_iterative.py:867: ConvergenceWarning: [IterativeImputer] Early stopping criterion not reached.
  warnings.warn(
/home/hustle/hustle/DataForgeML/venv/lib/python3.12/site-packages/sklearn/impute/_iterative.py:867: ConvergenceWarning: [IterativeImputer] Early stopping criterion not reached.
  warnings.warn(
/home/hustle/hustle/DataForgeML/venv/lib/python3.12/site-packages/sklearn/impute/_iterative.py:867: ConvergenceWarning: [IterativeImputer] Early stopping criterion not reached.
  warnings.warn(
  seed   7: skewed all_rmse=0.7598 | matched all_rmse=0.8768 | ideal all_rmse=0.7382
/home/hustle/hustle/DataForgeML/venv/lib/python3.12/site-packages/sklearn/impute/_iterative.py:867: ConvergenceWarning: [IterativeImputer] Early stopping criterion not reached.
  warnings.warn(
/home/hustle/hustle/DataForgeML/venv/lib/python3.12/site-packages/sklearn/impute/_iterative.py:867: ConvergenceWarning: [IterativeImputer] Early stopping criterion not reached.
  warnings.warn(
/home/hustle/hustle/DataForgeML/venv/lib/python3.12/site-packages/sklearn/impute/_iterative.py:867: ConvergenceWarning: [IterativeImputer] Early stopping criterion not reached.
  warnings.warn(
  seed   8: skewed all_rmse=1.1584 | matched all_rmse=1.1607 | ideal all_rmse=1.1969
/home/hustle/hustle/DataForgeML/venv/lib/python3.12/site-packages/sklearn/impute/_iterative.py:867: ConvergenceWarning: [IterativeImputer] Early stopping criterion not reached.
  warnings.warn(
/home/hustle/hustle/DataForgeML/venv/lib/python3.12/site-packages/sklearn/impute/_iterative.py:867: ConvergenceWarning: [IterativeImputer] Early stopping criterion not reached.
  warnings.warn(
/home/hustle/hustle/DataForgeML/venv/lib/python3.12/site-packages/sklearn/impute/_iterative.py:867: ConvergenceWarning: [IterativeImputer] Early stopping criterion not reached.
  warnings.warn(
  seed   9: skewed all_rmse=1.9179 | matched all_rmse=1.9249 | ideal all_rmse=1.8807
/home/hustle/hustle/DataForgeML/venv/lib/python3.12/site-packages/sklearn/impute/_iterative.py:867: ConvergenceWarning: [IterativeImputer] Early stopping criterion not reached.
  warnings.warn(
/home/hustle/hustle/DataForgeML/venv/lib/python3.12/site-packages/sklearn/impute/_iterative.py:867: ConvergenceWarning: [IterativeImputer] Early stopping criterion not reached.
  warnings.warn(
/home/hustle/hustle/DataForgeML/venv/lib/python3.12/site-packages/sklearn/impute/_iterative.py:867: ConvergenceWarning: [IterativeImputer] Early stopping criterion not reached.
  warnings.warn(
  seed  10: skewed all_rmse=0.8060 | matched all_rmse=0.8104 | ideal all_rmse=0.7856
/home/hustle/hustle/DataForgeML/venv/lib/python3.12/site-packages/sklearn/impute/_iterative.py:867: ConvergenceWarning: [IterativeImputer] Early stopping criterion not reached.
  warnings.warn(
/home/hustle/hustle/DataForgeML/venv/lib/python3.12/site-packages/sklearn/impute/_iterative.py:867: ConvergenceWarning: [IterativeImputer] Early stopping criterion not reached.
  warnings.warn(
/home/hustle/hustle/DataForgeML/venv/lib/python3.12/site-packages/sklearn/impute/_iterative.py:867: ConvergenceWarning: [IterativeImputer] Early stopping criterion not reached.
  warnings.warn(
  seed  11: skewed all_rmse=1.5031 | matched all_rmse=1.4122 | ideal all_rmse=1.1749
/home/hustle/hustle/DataForgeML/venv/lib/python3.12/site-packages/sklearn/impute/_iterative.py:867: ConvergenceWarning: [IterativeImputer] Early stopping criterion not reached.
  warnings.warn(
/home/hustle/hustle/DataForgeML/venv/lib/python3.12/site-packages/sklearn/impute/_iterative.py:867: ConvergenceWarning: [IterativeImputer] Early stopping criterion not reached.
  warnings.warn(
/home/hustle/hustle/DataForgeML/venv/lib/python3.12/site-packages/sklearn/impute/_iterative.py:867: ConvergenceWarning: [IterativeImputer] Early stopping criterion not reached.
  warnings.warn(
  seed  12: skewed all_rmse=1.7891 | matched all_rmse=1.7357 | ideal all_rmse=1.7015
/home/hustle/hustle/DataForgeML/venv/lib/python3.12/site-packages/sklearn/impute/_iterative.py:867: ConvergenceWarning: [IterativeImputer] Early stopping criterion not reached.
  warnings.warn(
/home/hustle/hustle/DataForgeML/venv/lib/python3.12/site-packages/sklearn/impute/_iterative.py:867: ConvergenceWarning: [IterativeImputer] Early stopping criterion not reached.
  warnings.warn(
/home/hustle/hustle/DataForgeML/venv/lib/python3.12/site-packages/sklearn/impute/_iterative.py:867: ConvergenceWarning: [IterativeImputer] Early stopping criterion not reached.
  warnings.warn(
  seed  13: skewed all_rmse=1.9219 | matched all_rmse=2.0284 | ideal all_rmse=1.9128
/home/hustle/hustle/DataForgeML/venv/lib/python3.12/site-packages/sklearn/impute/_iterative.py:867: ConvergenceWarning: [IterativeImputer] Early stopping criterion not reached.
  warnings.warn(
/home/hustle/hustle/DataForgeML/venv/lib/python3.12/site-packages/sklearn/impute/_iterative.py:867: ConvergenceWarning: [IterativeImputer] Early stopping criterion not reached.
  warnings.warn(
/home/hustle/hustle/DataForgeML/venv/lib/python3.12/site-packages/sklearn/impute/_iterative.py:867: ConvergenceWarning: [IterativeImputer] Early stopping criterion not reached.
  warnings.warn(
  seed  14: skewed all_rmse=1.2099 | matched all_rmse=1.1287 | ideal all_rmse=1.0435
/home/hustle/hustle/DataForgeML/venv/lib/python3.12/site-packages/sklearn/impute/_iterative.py:867: ConvergenceWarning: [IterativeImputer] Early stopping criterion not reached.
  warnings.warn(
/home/hustle/hustle/DataForgeML/venv/lib/python3.12/site-packages/sklearn/impute/_iterative.py:867: ConvergenceWarning: [IterativeImputer] Early stopping criterion not reached.
  warnings.warn(
/home/hustle/hustle/DataForgeML/venv/lib/python3.12/site-packages/sklearn/impute/_iterative.py:867: ConvergenceWarning: [IterativeImputer] Early stopping criterion not reached.
  warnings.warn(
  seed  15: skewed all_rmse=1.2768 | matched all_rmse=1.0673 | ideal all_rmse=1.2189
/home/hustle/hustle/DataForgeML/venv/lib/python3.12/site-packages/sklearn/impute/_iterative.py:867: ConvergenceWarning: [IterativeImputer] Early stopping criterion not reached.
  warnings.warn(
/home/hustle/hustle/DataForgeML/venv/lib/python3.12/site-packages/sklearn/impute/_iterative.py:867: ConvergenceWarning: [IterativeImputer] Early stopping criterion not reached.
  warnings.warn(
/home/hustle/hustle/DataForgeML/venv/lib/python3.12/site-packages/sklearn/impute/_iterative.py:867: ConvergenceWarning: [IterativeImputer] Early stopping criterion not reached.
  warnings.warn(
  seed  16: skewed all_rmse=0.9752 | matched all_rmse=0.9437 | ideal all_rmse=0.9684
/home/hustle/hustle/DataForgeML/venv/lib/python3.12/site-packages/sklearn/impute/_iterative.py:867: ConvergenceWarning: [IterativeImputer] Early stopping criterion not reached.
  warnings.warn(
/home/hustle/hustle/DataForgeML/venv/lib/python3.12/site-packages/sklearn/impute/_iterative.py:867: ConvergenceWarning: [IterativeImputer] Early stopping criterion not reached.
  warnings.warn(
/home/hustle/hustle/DataForgeML/venv/lib/python3.12/site-packages/sklearn/impute/_iterative.py:867: ConvergenceWarning: [IterativeImputer] Early stopping criterion not reached.
  warnings.warn(
  seed  17: skewed all_rmse=0.9840 | matched all_rmse=0.9604 | ideal all_rmse=0.9401
/home/hustle/hustle/DataForgeML/venv/lib/python3.12/site-packages/sklearn/impute/_iterative.py:867: ConvergenceWarning: [IterativeImputer] Early stopping criterion not reached.
  warnings.warn(
/home/hustle/hustle/DataForgeML/venv/lib/python3.12/site-packages/sklearn/impute/_iterative.py:867: ConvergenceWarning: [IterativeImputer] Early stopping criterion not reached.
  warnings.warn(
/home/hustle/hustle/DataForgeML/venv/lib/python3.12/site-packages/sklearn/impute/_iterative.py:867: ConvergenceWarning: [IterativeImputer] Early stopping criterion not reached.
  warnings.warn(
  seed  18: skewed all_rmse=1.5663 | matched all_rmse=1.4319 | ideal all_rmse=1.2691
/home/hustle/hustle/DataForgeML/venv/lib/python3.12/site-packages/sklearn/impute/_iterative.py:867: ConvergenceWarning: [IterativeImputer] Early stopping criterion not reached.
  warnings.warn(
/home/hustle/hustle/DataForgeML/venv/lib/python3.12/site-packages/sklearn/impute/_iterative.py:867: ConvergenceWarning: [IterativeImputer] Early stopping criterion not reached.
  warnings.warn(
/home/hustle/hustle/DataForgeML/venv/lib/python3.12/site-packages/sklearn/impute/_iterative.py:867: ConvergenceWarning: [IterativeImputer] Early stopping criterion not reached.
  warnings.warn(
  seed  19: skewed all_rmse=1.8592 | matched all_rmse=1.8936 | ideal all_rmse=1.8572
/home/hustle/hustle/DataForgeML/venv/lib/python3.12/site-packages/sklearn/impute/_iterative.py:867: ConvergenceWarning: [IterativeImputer] Early stopping criterion not reached.
  warnings.warn(
/home/hustle/hustle/DataForgeML/venv/lib/python3.12/site-packages/sklearn/impute/_iterative.py:867: ConvergenceWarning: [IterativeImputer] Early stopping criterion not reached.
  warnings.warn(
/home/hustle/hustle/DataForgeML/venv/lib/python3.12/site-packages/sklearn/impute/_iterative.py:867: ConvergenceWarning: [IterativeImputer] Early stopping criterion not reached.
  warnings.warn(
  seed  20: skewed all_rmse=0.7645 | matched all_rmse=0.8198 | ideal all_rmse=0.7512
/home/hustle/hustle/DataForgeML/venv/lib/python3.12/site-packages/sklearn/impute/_iterative.py:867: ConvergenceWarning: [IterativeImputer] Early stopping criterion not reached.
  warnings.warn(
/home/hustle/hustle/DataForgeML/venv/lib/python3.12/site-packages/sklearn/impute/_iterative.py:867: ConvergenceWarning: [IterativeImputer] Early stopping criterion not reached.
  warnings.warn(
/home/hustle/hustle/DataForgeML/venv/lib/python3.12/site-packages/sklearn/impute/_iterative.py:867: ConvergenceWarning: [IterativeImputer] Early stopping criterion not reached.
  warnings.warn(
  seed  21: skewed all_rmse=3.8591 | matched all_rmse=3.8734 | ideal all_rmse=3.7961
/home/hustle/hustle/DataForgeML/venv/lib/python3.12/site-packages/sklearn/impute/_iterative.py:867: ConvergenceWarning: [IterativeImputer] Early stopping criterion not reached.
  warnings.warn(
/home/hustle/hustle/DataForgeML/venv/lib/python3.12/site-packages/sklearn/impute/_iterative.py:867: ConvergenceWarning: [IterativeImputer] Early stopping criterion not reached.
  warnings.warn(
/home/hustle/hustle/DataForgeML/venv/lib/python3.12/site-packages/sklearn/impute/_iterative.py:867: ConvergenceWarning: [IterativeImputer] Early stopping criterion not reached.
  warnings.warn(
  seed  22: skewed all_rmse=1.3170 | matched all_rmse=1.2483 | ideal all_rmse=1.2771
/home/hustle/hustle/DataForgeML/venv/lib/python3.12/site-packages/sklearn/impute/_iterative.py:867: ConvergenceWarning: [IterativeImputer] Early stopping criterion not reached.
  warnings.warn(
/home/hustle/hustle/DataForgeML/venv/lib/python3.12/site-packages/sklearn/impute/_iterative.py:867: ConvergenceWarning: [IterativeImputer] Early stopping criterion not reached.
  warnings.warn(
/home/hustle/hustle/DataForgeML/venv/lib/python3.12/site-packages/sklearn/impute/_iterative.py:867: ConvergenceWarning: [IterativeImputer] Early stopping criterion not reached.
  warnings.warn(
  seed  23: skewed all_rmse=0.7853 | matched all_rmse=0.7803 | ideal all_rmse=0.7370
/home/hustle/hustle/DataForgeML/venv/lib/python3.12/site-packages/sklearn/impute/_iterative.py:867: ConvergenceWarning: [IterativeImputer] Early stopping criterion not reached.
  warnings.warn(
/home/hustle/hustle/DataForgeML/venv/lib/python3.12/site-packages/sklearn/impute/_iterative.py:867: ConvergenceWarning: [IterativeImputer] Early stopping criterion not reached.
  warnings.warn(
/home/hustle/hustle/DataForgeML/venv/lib/python3.12/site-packages/sklearn/impute/_iterative.py:867: ConvergenceWarning: [IterativeImputer] Early stopping criterion not reached.
  warnings.warn(
  seed  24: skewed all_rmse=0.8740 | matched all_rmse=0.8453 | ideal all_rmse=0.8673
/home/hustle/hustle/DataForgeML/venv/lib/python3.12/site-packages/sklearn/impute/_iterative.py:867: ConvergenceWarning: [IterativeImputer] Early stopping criterion not reached.
  warnings.warn(
/home/hustle/hustle/DataForgeML/venv/lib/python3.12/site-packages/sklearn/impute/_iterative.py:867: ConvergenceWarning: [IterativeImputer] Early stopping criterion not reached.
  warnings.warn(
/home/hustle/hustle/DataForgeML/venv/lib/python3.12/site-packages/sklearn/impute/_iterative.py:867: ConvergenceWarning: [IterativeImputer] Early stopping criterion not reached.
  warnings.warn(
  seed  25: skewed all_rmse=1.9000 | matched all_rmse=1.9316 | ideal all_rmse=1.8681
/home/hustle/hustle/DataForgeML/venv/lib/python3.12/site-packages/sklearn/impute/_iterative.py:867: ConvergenceWarning: [IterativeImputer] Early stopping criterion not reached.
  warnings.warn(
/home/hustle/hustle/DataForgeML/venv/lib/python3.12/site-packages/sklearn/impute/_iterative.py:867: ConvergenceWarning: [IterativeImputer] Early stopping criterion not reached.
  warnings.warn(
/home/hustle/hustle/DataForgeML/venv/lib/python3.12/site-packages/sklearn/impute/_iterative.py:867: ConvergenceWarning: [IterativeImputer] Early stopping criterion not reached.
  warnings.warn(
  seed  26: skewed all_rmse=4.0832 | matched all_rmse=3.7436 | ideal all_rmse=4.0735
/home/hustle/hustle/DataForgeML/venv/lib/python3.12/site-packages/sklearn/impute/_iterative.py:867: ConvergenceWarning: [IterativeImputer] Early stopping criterion not reached.
  warnings.warn(
/home/hustle/hustle/DataForgeML/venv/lib/python3.12/site-packages/sklearn/impute/_iterative.py:867: ConvergenceWarning: [IterativeImputer] Early stopping criterion not reached.
  warnings.warn(
/home/hustle/hustle/DataForgeML/venv/lib/python3.12/site-packages/sklearn/impute/_iterative.py:867: ConvergenceWarning: [IterativeImputer] Early stopping criterion not reached.
  warnings.warn(
  seed  27: skewed all_rmse=3.8623 | matched all_rmse=3.8674 | ideal all_rmse=3.8549
/home/hustle/hustle/DataForgeML/venv/lib/python3.12/site-packages/sklearn/impute/_iterative.py:867: ConvergenceWarning: [IterativeImputer] Early stopping criterion not reached.
  warnings.warn(
/home/hustle/hustle/DataForgeML/venv/lib/python3.12/site-packages/sklearn/impute/_iterative.py:867: ConvergenceWarning: [IterativeImputer] Early stopping criterion not reached.
  warnings.warn(
/home/hustle/hustle/DataForgeML/venv/lib/python3.12/site-packages/sklearn/impute/_iterative.py:867: ConvergenceWarning: [IterativeImputer] Early stopping criterion not reached.
  warnings.warn(
  seed  28: skewed all_rmse=0.8861 | matched all_rmse=0.9061 | ideal all_rmse=0.8479
/home/hustle/hustle/DataForgeML/venv/lib/python3.12/site-packages/sklearn/impute/_iterative.py:867: ConvergenceWarning: [IterativeImputer] Early stopping criterion not reached.
  warnings.warn(
/home/hustle/hustle/DataForgeML/venv/lib/python3.12/site-packages/sklearn/impute/_iterative.py:867: ConvergenceWarning: [IterativeImputer] Early stopping criterion not reached.
  warnings.warn(
/home/hustle/hustle/DataForgeML/venv/lib/python3.12/site-packages/sklearn/impute/_iterative.py:867: ConvergenceWarning: [IterativeImputer] Early stopping criterion not reached.
  warnings.warn(
  seed  29: skewed all_rmse=0.7948 | matched all_rmse=0.7868 | ideal all_rmse=0.7550
{
  "means": {
    "skewed": {
      "ex_reg": {
        "rmse_mean": 1.1242247220829384,
        "rmse_std": 0.43261544678472824,
        "mae_mean": 0.561776590920467
      },
      "mice": {
        "rmse_mean": 1.7469371266263112,
        "rmse_std": 1.372174649865975,
        "mae_mean": 0.5942937455283946
      },
      "all": {
        "rmse_mean": 1.5218021969418916,
        "rmse_std": 0.9188259945976898,
        "mae_mean": 0.5772222205859765
      },
      "time_mean": 19.131053398733275
    },
    "matched": {
      "ex_reg": {
        "rmse_mean": 1.117703458460014,
        "rmse_std": 0.41989916727315996,
        "mae_mean": 0.568615252195081
      },
      "mice": {
        "rmse_mean": 1.7235833095927413,
        "rmse_std": 1.3434702323665817,
        "mae_mean": 0.5936215860450387
      },
      "all": {
        "rmse_mean": 1.5084592765846456,
        "rmse_std": 0.890585088927625,
        "mae_mean": 0.5804553505458282
      },
      "time_mean": 19.15300219236645
    },
    "ideal": {
      "ex_reg": {
        "rmse_mean": 1.0468023773386104,
        "rmse_std": 0.44146574068628563,
        "mae_mean": 0.5310138526906841
      },
      "mice": {
        "rmse_mean": 1.712395858926717,
        "rmse_std": 1.3677854947509598,
        "mae_mean": 0.5861387476806992
      },
      "all": {
        "rmse_mean": 1.4702498144293408,
        "rmse_std": 0.9229909595788937,
        "mae_mean": 0.5577633441366493
      },
      "time_mean": 18.685932245899796
    }
  },
  "pairwise": {
    "skewed_vs_matched::ex_reg": {
      "wins_skewed": 13,
      "wins_matched": 17,
      "ties": 0,
      "mean_rel_diff_pct": 0.45110508533475774,
      "worst_case_pct": 15.149491820780959
    },
    "matched_vs_ideal::ex_reg": {
      "wins_matched": 4,
      "wins_ideal": 26,
      "ties": 0,
      "mean_rel_diff_pct": 8.360094434840077,
      "worst_case_pct": 24.659896544858654
    },
    "skewed_vs_matched::mice": {
      "wins_skewed": 14,
      "wins_matched": 16,
      "ties": 0,
      "mean_rel_diff_pct": 1.511327888491545,
      "worst_case_pct": 36.56786022325481
    },
    "matched_vs_ideal::mice": {
      "wins_matched": 11,
      "wins_ideal": 19,
      "ties": 0,
      "mean_rel_diff_pct": 2.1154053776627544,
      "worst_case_pct": 69.17267092197744
    },
    "skewed_vs_matched::all": {
      "wins_skewed": 16,
      "wins_matched": 14,
      "ties": 0,
      "mean_rel_diff_pct": 0.4806875615755813,
      "worst_case_pct": 19.628654963370906
    },
    "matched_vs_ideal::all": {
      "wins_matched": 6,
      "wins_ideal": 24,
      "ties": 0,
      "mean_rel_diff_pct": 4.199331170402801,
      "worst_case_pct": 20.195787937500178
    }
  }
}

=== nonlinear_mar (estimator=random_forest_regressor, n_rows=600, 30 seeds) ===
/home/hustle/hustle/DataForgeML/venv/lib/python3.12/site-packages/sklearn/impute/_iterative.py:867: ConvergenceWarning: [IterativeImputer] Early stopping criterion not reached.
  warnings.warn(
/home/hustle/hustle/DataForgeML/venv/lib/python3.12/site-packages/sklearn/impute/_iterative.py:867: ConvergenceWarning: [IterativeImputer] Early stopping criterion not reached.
  warnings.warn(
/home/hustle/hustle/DataForgeML/venv/lib/python3.12/site-packages/sklearn/impute/_iterative.py:867: ConvergenceWarning: [IterativeImputer] Early stopping criterion not reached.
  warnings.warn(
  seed   0: skewed all_rmse=1.0387 | matched all_rmse=1.0908 | ideal all_rmse=1.0068
/home/hustle/hustle/DataForgeML/venv/lib/python3.12/site-packages/sklearn/impute/_iterative.py:867: ConvergenceWarning: [IterativeImputer] Early stopping criterion not reached.
  warnings.warn(
/home/hustle/hustle/DataForgeML/venv/lib/python3.12/site-packages/sklearn/impute/_iterative.py:867: ConvergenceWarning: [IterativeImputer] Early stopping criterion not reached.
  warnings.warn(
/home/hustle/hustle/DataForgeML/venv/lib/python3.12/site-packages/sklearn/impute/_iterative.py:867: ConvergenceWarning: [IterativeImputer] Early stopping criterion not reached.
  warnings.warn(
  seed   1: skewed all_rmse=1.6709 | matched all_rmse=1.8962 | ideal all_rmse=1.6585
/home/hustle/hustle/DataForgeML/venv/lib/python3.12/site-packages/sklearn/impute/_iterative.py:867: ConvergenceWarning: [IterativeImputer] Early stopping criterion not reached.
  warnings.warn(
/home/hustle/hustle/DataForgeML/venv/lib/python3.12/site-packages/sklearn/impute/_iterative.py:867: ConvergenceWarning: [IterativeImputer] Early stopping criterion not reached.
  warnings.warn(
/home/hustle/hustle/DataForgeML/venv/lib/python3.12/site-packages/sklearn/impute/_iterative.py:867: ConvergenceWarning: [IterativeImputer] Early stopping criterion not reached.
  warnings.warn(
  seed   2: skewed all_rmse=1.2942 | matched all_rmse=1.3080 | ideal all_rmse=1.2457
/home/hustle/hustle/DataForgeML/venv/lib/python3.12/site-packages/sklearn/impute/_iterative.py:867: ConvergenceWarning: [IterativeImputer] Early stopping criterion not reached.
  warnings.warn(
/home/hustle/hustle/DataForgeML/venv/lib/python3.12/site-packages/sklearn/impute/_iterative.py:867: ConvergenceWarning: [IterativeImputer] Early stopping criterion not reached.
  warnings.warn(
/home/hustle/hustle/DataForgeML/venv/lib/python3.12/site-packages/sklearn/impute/_iterative.py:867: ConvergenceWarning: [IterativeImputer] Early stopping criterion not reached.
  warnings.warn(
  seed   3: skewed all_rmse=2.4408 | matched all_rmse=2.4790 | ideal all_rmse=2.4393
/home/hustle/hustle/DataForgeML/venv/lib/python3.12/site-packages/sklearn/impute/_iterative.py:867: ConvergenceWarning: [IterativeImputer] Early stopping criterion not reached.
  warnings.warn(
/home/hustle/hustle/DataForgeML/venv/lib/python3.12/site-packages/sklearn/impute/_iterative.py:867: ConvergenceWarning: [IterativeImputer] Early stopping criterion not reached.
  warnings.warn(
/home/hustle/hustle/DataForgeML/venv/lib/python3.12/site-packages/sklearn/impute/_iterative.py:867: ConvergenceWarning: [IterativeImputer] Early stopping criterion not reached.
  warnings.warn(
  seed   4: skewed all_rmse=3.5588 | matched all_rmse=3.5468 | ideal all_rmse=3.5682
/home/hustle/hustle/DataForgeML/venv/lib/python3.12/site-packages/sklearn/impute/_iterative.py:867: ConvergenceWarning: [IterativeImputer] Early stopping criterion not reached.
  warnings.warn(
/home/hustle/hustle/DataForgeML/venv/lib/python3.12/site-packages/sklearn/impute/_iterative.py:867: ConvergenceWarning: [IterativeImputer] Early stopping criterion not reached.
  warnings.warn(
/home/hustle/hustle/DataForgeML/venv/lib/python3.12/site-packages/sklearn/impute/_iterative.py:867: ConvergenceWarning: [IterativeImputer] Early stopping criterion not reached.
  warnings.warn(
  seed   5: skewed all_rmse=1.1436 | matched all_rmse=1.1480 | ideal all_rmse=1.0809
/home/hustle/hustle/DataForgeML/venv/lib/python3.12/site-packages/sklearn/impute/_iterative.py:867: ConvergenceWarning: [IterativeImputer] Early stopping criterion not reached.
  warnings.warn(
/home/hustle/hustle/DataForgeML/venv/lib/python3.12/site-packages/sklearn/impute/_iterative.py:867: ConvergenceWarning: [IterativeImputer] Early stopping criterion not reached.
  warnings.warn(
/home/hustle/hustle/DataForgeML/venv/lib/python3.12/site-packages/sklearn/impute/_iterative.py:867: ConvergenceWarning: [IterativeImputer] Early stopping criterion not reached.
  warnings.warn(
  seed   6: skewed all_rmse=5.7015 | matched all_rmse=5.5975 | ideal all_rmse=5.6779
/home/hustle/hustle/DataForgeML/venv/lib/python3.12/site-packages/sklearn/impute/_iterative.py:867: ConvergenceWarning: [IterativeImputer] Early stopping criterion not reached.
  warnings.warn(
/home/hustle/hustle/DataForgeML/venv/lib/python3.12/site-packages/sklearn/impute/_iterative.py:867: ConvergenceWarning: [IterativeImputer] Early stopping criterion not reached.
  warnings.warn(
/home/hustle/hustle/DataForgeML/venv/lib/python3.12/site-packages/sklearn/impute/_iterative.py:867: ConvergenceWarning: [IterativeImputer] Early stopping criterion not reached.
  warnings.warn(
  seed   7: skewed all_rmse=0.9655 | matched all_rmse=0.9290 | ideal all_rmse=0.9738
/home/hustle/hustle/DataForgeML/venv/lib/python3.12/site-packages/sklearn/impute/_iterative.py:867: ConvergenceWarning: [IterativeImputer] Early stopping criterion not reached.
  warnings.warn(
/home/hustle/hustle/DataForgeML/venv/lib/python3.12/site-packages/sklearn/impute/_iterative.py:867: ConvergenceWarning: [IterativeImputer] Early stopping criterion not reached.
  warnings.warn(
/home/hustle/hustle/DataForgeML/venv/lib/python3.12/site-packages/sklearn/impute/_iterative.py:867: ConvergenceWarning: [IterativeImputer] Early stopping criterion not reached.
  warnings.warn(
  seed   8: skewed all_rmse=1.1949 | matched all_rmse=1.2269 | ideal all_rmse=1.2864
/home/hustle/hustle/DataForgeML/venv/lib/python3.12/site-packages/sklearn/impute/_iterative.py:867: ConvergenceWarning: [IterativeImputer] Early stopping criterion not reached.
  warnings.warn(
/home/hustle/hustle/DataForgeML/venv/lib/python3.12/site-packages/sklearn/impute/_iterative.py:867: ConvergenceWarning: [IterativeImputer] Early stopping criterion not reached.
  warnings.warn(
/home/hustle/hustle/DataForgeML/venv/lib/python3.12/site-packages/sklearn/impute/_iterative.py:867: ConvergenceWarning: [IterativeImputer] Early stopping criterion not reached.
  warnings.warn(
  seed   9: skewed all_rmse=2.0501 | matched all_rmse=2.1145 | ideal all_rmse=1.9963
/home/hustle/hustle/DataForgeML/venv/lib/python3.12/site-packages/sklearn/impute/_iterative.py:867: ConvergenceWarning: [IterativeImputer] Early stopping criterion not reached.
  warnings.warn(
/home/hustle/hustle/DataForgeML/venv/lib/python3.12/site-packages/sklearn/impute/_iterative.py:867: ConvergenceWarning: [IterativeImputer] Early stopping criterion not reached.
  warnings.warn(
/home/hustle/hustle/DataForgeML/venv/lib/python3.12/site-packages/sklearn/impute/_iterative.py:867: ConvergenceWarning: [IterativeImputer] Early stopping criterion not reached.
  warnings.warn(
  seed  10: skewed all_rmse=0.7647 | matched all_rmse=0.7742 | ideal all_rmse=0.7569
/home/hustle/hustle/DataForgeML/venv/lib/python3.12/site-packages/sklearn/impute/_iterative.py:867: ConvergenceWarning: [IterativeImputer] Early stopping criterion not reached.
  warnings.warn(
/home/hustle/hustle/DataForgeML/venv/lib/python3.12/site-packages/sklearn/impute/_iterative.py:867: ConvergenceWarning: [IterativeImputer] Early stopping criterion not reached.
  warnings.warn(
/home/hustle/hustle/DataForgeML/venv/lib/python3.12/site-packages/sklearn/impute/_iterative.py:867: ConvergenceWarning: [IterativeImputer] Early stopping criterion not reached.
  warnings.warn(
  seed  11: skewed all_rmse=1.2735 | matched all_rmse=1.2713 | ideal all_rmse=1.2426
/home/hustle/hustle/DataForgeML/venv/lib/python3.12/site-packages/sklearn/impute/_iterative.py:867: ConvergenceWarning: [IterativeImputer] Early stopping criterion not reached.
  warnings.warn(
/home/hustle/hustle/DataForgeML/venv/lib/python3.12/site-packages/sklearn/impute/_iterative.py:867: ConvergenceWarning: [IterativeImputer] Early stopping criterion not reached.
  warnings.warn(
/home/hustle/hustle/DataForgeML/venv/lib/python3.12/site-packages/sklearn/impute/_iterative.py:867: ConvergenceWarning: [IterativeImputer] Early stopping criterion not reached.
  warnings.warn(
  seed  12: skewed all_rmse=1.8301 | matched all_rmse=1.7421 | ideal all_rmse=1.7794
/home/hustle/hustle/DataForgeML/venv/lib/python3.12/site-packages/sklearn/impute/_iterative.py:867: ConvergenceWarning: [IterativeImputer] Early stopping criterion not reached.
  warnings.warn(
/home/hustle/hustle/DataForgeML/venv/lib/python3.12/site-packages/sklearn/impute/_iterative.py:867: ConvergenceWarning: [IterativeImputer] Early stopping criterion not reached.
  warnings.warn(
/home/hustle/hustle/DataForgeML/venv/lib/python3.12/site-packages/sklearn/impute/_iterative.py:867: ConvergenceWarning: [IterativeImputer] Early stopping criterion not reached.
  warnings.warn(
  seed  13: skewed all_rmse=1.0419 | matched all_rmse=1.1279 | ideal all_rmse=1.0293
/home/hustle/hustle/DataForgeML/venv/lib/python3.12/site-packages/sklearn/impute/_iterative.py:867: ConvergenceWarning: [IterativeImputer] Early stopping criterion not reached.
  warnings.warn(
/home/hustle/hustle/DataForgeML/venv/lib/python3.12/site-packages/sklearn/impute/_iterative.py:867: ConvergenceWarning: [IterativeImputer] Early stopping criterion not reached.
  warnings.warn(
/home/hustle/hustle/DataForgeML/venv/lib/python3.12/site-packages/sklearn/impute/_iterative.py:867: ConvergenceWarning: [IterativeImputer] Early stopping criterion not reached.
  warnings.warn(
  seed  14: skewed all_rmse=1.2039 | matched all_rmse=1.2100 | ideal all_rmse=1.0060
/home/hustle/hustle/DataForgeML/venv/lib/python3.12/site-packages/sklearn/impute/_iterative.py:867: ConvergenceWarning: [IterativeImputer] Early stopping criterion not reached.
  warnings.warn(
/home/hustle/hustle/DataForgeML/venv/lib/python3.12/site-packages/sklearn/impute/_iterative.py:867: ConvergenceWarning: [IterativeImputer] Early stopping criterion not reached.
  warnings.warn(
/home/hustle/hustle/DataForgeML/venv/lib/python3.12/site-packages/sklearn/impute/_iterative.py:867: ConvergenceWarning: [IterativeImputer] Early stopping criterion not reached.
  warnings.warn(
  seed  15: skewed all_rmse=1.1675 | matched all_rmse=0.9844 | ideal all_rmse=1.0122
/home/hustle/hustle/DataForgeML/venv/lib/python3.12/site-packages/sklearn/impute/_iterative.py:867: ConvergenceWarning: [IterativeImputer] Early stopping criterion not reached.
  warnings.warn(
/home/hustle/hustle/DataForgeML/venv/lib/python3.12/site-packages/sklearn/impute/_iterative.py:867: ConvergenceWarning: [IterativeImputer] Early stopping criterion not reached.
  warnings.warn(
/home/hustle/hustle/DataForgeML/venv/lib/python3.12/site-packages/sklearn/impute/_iterative.py:867: ConvergenceWarning: [IterativeImputer] Early stopping criterion not reached.
  warnings.warn(
  seed  16: skewed all_rmse=1.2333 | matched all_rmse=1.2158 | ideal all_rmse=1.2046
/home/hustle/hustle/DataForgeML/venv/lib/python3.12/site-packages/sklearn/impute/_iterative.py:867: ConvergenceWarning: [IterativeImputer] Early stopping criterion not reached.
  warnings.warn(
/home/hustle/hustle/DataForgeML/venv/lib/python3.12/site-packages/sklearn/impute/_iterative.py:867: ConvergenceWarning: [IterativeImputer] Early stopping criterion not reached.
  warnings.warn(
/home/hustle/hustle/DataForgeML/venv/lib/python3.12/site-packages/sklearn/impute/_iterative.py:867: ConvergenceWarning: [IterativeImputer] Early stopping criterion not reached.
  warnings.warn(
  seed  17: skewed all_rmse=1.3446 | matched all_rmse=1.3781 | ideal all_rmse=1.3005
/home/hustle/hustle/DataForgeML/venv/lib/python3.12/site-packages/sklearn/impute/_iterative.py:867: ConvergenceWarning: [IterativeImputer] Early stopping criterion not reached.
  warnings.warn(
/home/hustle/hustle/DataForgeML/venv/lib/python3.12/site-packages/sklearn/impute/_iterative.py:867: ConvergenceWarning: [IterativeImputer] Early stopping criterion not reached.
  warnings.warn(
/home/hustle/hustle/DataForgeML/venv/lib/python3.12/site-packages/sklearn/impute/_iterative.py:867: ConvergenceWarning: [IterativeImputer] Early stopping criterion not reached.
  warnings.warn(
  seed  18: skewed all_rmse=1.6700 | matched all_rmse=1.5785 | ideal all_rmse=1.4959
/home/hustle/hustle/DataForgeML/venv/lib/python3.12/site-packages/sklearn/impute/_iterative.py:867: ConvergenceWarning: [IterativeImputer] Early stopping criterion not reached.
  warnings.warn(
/home/hustle/hustle/DataForgeML/venv/lib/python3.12/site-packages/sklearn/impute/_iterative.py:867: ConvergenceWarning: [IterativeImputer] Early stopping criterion not reached.
  warnings.warn(
/home/hustle/hustle/DataForgeML/venv/lib/python3.12/site-packages/sklearn/impute/_iterative.py:867: ConvergenceWarning: [IterativeImputer] Early stopping criterion not reached.
  warnings.warn(
  seed  19: skewed all_rmse=2.0376 | matched all_rmse=2.0930 | ideal all_rmse=2.0345
/home/hustle/hustle/DataForgeML/venv/lib/python3.12/site-packages/sklearn/impute/_iterative.py:867: ConvergenceWarning: [IterativeImputer] Early stopping criterion not reached.
  warnings.warn(
/home/hustle/hustle/DataForgeML/venv/lib/python3.12/site-packages/sklearn/impute/_iterative.py:867: ConvergenceWarning: [IterativeImputer] Early stopping criterion not reached.
  warnings.warn(
/home/hustle/hustle/DataForgeML/venv/lib/python3.12/site-packages/sklearn/impute/_iterative.py:867: ConvergenceWarning: [IterativeImputer] Early stopping criterion not reached.
  warnings.warn(
  seed  20: skewed all_rmse=3.0908 | matched all_rmse=3.1889 | ideal all_rmse=3.0879
/home/hustle/hustle/DataForgeML/venv/lib/python3.12/site-packages/sklearn/impute/_iterative.py:867: ConvergenceWarning: [IterativeImputer] Early stopping criterion not reached.
  warnings.warn(
/home/hustle/hustle/DataForgeML/venv/lib/python3.12/site-packages/sklearn/impute/_iterative.py:867: ConvergenceWarning: [IterativeImputer] Early stopping criterion not reached.
  warnings.warn(
/home/hustle/hustle/DataForgeML/venv/lib/python3.12/site-packages/sklearn/impute/_iterative.py:867: ConvergenceWarning: [IterativeImputer] Early stopping criterion not reached.
  warnings.warn(
  seed  21: skewed all_rmse=4.0236 | matched all_rmse=4.0413 | ideal all_rmse=4.0161
/home/hustle/hustle/DataForgeML/venv/lib/python3.12/site-packages/sklearn/impute/_iterative.py:867: ConvergenceWarning: [IterativeImputer] Early stopping criterion not reached.
  warnings.warn(
/home/hustle/hustle/DataForgeML/venv/lib/python3.12/site-packages/sklearn/impute/_iterative.py:867: ConvergenceWarning: [IterativeImputer] Early stopping criterion not reached.
  warnings.warn(
/home/hustle/hustle/DataForgeML/venv/lib/python3.12/site-packages/sklearn/impute/_iterative.py:867: ConvergenceWarning: [IterativeImputer] Early stopping criterion not reached.
  warnings.warn(
  seed  22: skewed all_rmse=0.9722 | matched all_rmse=0.9210 | ideal all_rmse=0.9128
/home/hustle/hustle/DataForgeML/venv/lib/python3.12/site-packages/sklearn/impute/_iterative.py:867: ConvergenceWarning: [IterativeImputer] Early stopping criterion not reached.
  warnings.warn(
/home/hustle/hustle/DataForgeML/venv/lib/python3.12/site-packages/sklearn/impute/_iterative.py:867: ConvergenceWarning: [IterativeImputer] Early stopping criterion not reached.
  warnings.warn(
/home/hustle/hustle/DataForgeML/venv/lib/python3.12/site-packages/sklearn/impute/_iterative.py:867: ConvergenceWarning: [IterativeImputer] Early stopping criterion not reached.
  warnings.warn(
  seed  23: skewed all_rmse=2.2093 | matched all_rmse=2.1778 | ideal all_rmse=2.1803
/home/hustle/hustle/DataForgeML/venv/lib/python3.12/site-packages/sklearn/impute/_iterative.py:867: ConvergenceWarning: [IterativeImputer] Early stopping criterion not reached.
  warnings.warn(
/home/hustle/hustle/DataForgeML/venv/lib/python3.12/site-packages/sklearn/impute/_iterative.py:867: ConvergenceWarning: [IterativeImputer] Early stopping criterion not reached.
  warnings.warn(
/home/hustle/hustle/DataForgeML/venv/lib/python3.12/site-packages/sklearn/impute/_iterative.py:867: ConvergenceWarning: [IterativeImputer] Early stopping criterion not reached.
  warnings.warn(
  seed  24: skewed all_rmse=1.3476 | matched all_rmse=1.3471 | ideal all_rmse=1.2698
/home/hustle/hustle/DataForgeML/venv/lib/python3.12/site-packages/sklearn/impute/_iterative.py:867: ConvergenceWarning: [IterativeImputer] Early stopping criterion not reached.
  warnings.warn(
/home/hustle/hustle/DataForgeML/venv/lib/python3.12/site-packages/sklearn/impute/_iterative.py:867: ConvergenceWarning: [IterativeImputer] Early stopping criterion not reached.
  warnings.warn(
/home/hustle/hustle/DataForgeML/venv/lib/python3.12/site-packages/sklearn/impute/_iterative.py:867: ConvergenceWarning: [IterativeImputer] Early stopping criterion not reached.
  warnings.warn(
  seed  25: skewed all_rmse=1.3201 | matched all_rmse=1.3520 | ideal all_rmse=1.2604
/home/hustle/hustle/DataForgeML/venv/lib/python3.12/site-packages/sklearn/impute/_iterative.py:867: ConvergenceWarning: [IterativeImputer] Early stopping criterion not reached.
  warnings.warn(
/home/hustle/hustle/DataForgeML/venv/lib/python3.12/site-packages/sklearn/impute/_iterative.py:867: ConvergenceWarning: [IterativeImputer] Early stopping criterion not reached.
  warnings.warn(
/home/hustle/hustle/DataForgeML/venv/lib/python3.12/site-packages/sklearn/impute/_iterative.py:867: ConvergenceWarning: [IterativeImputer] Early stopping criterion not reached.
  warnings.warn(
  seed  26: skewed all_rmse=2.6738 | matched all_rmse=2.5944 | ideal all_rmse=2.6654
/home/hustle/hustle/DataForgeML/venv/lib/python3.12/site-packages/sklearn/impute/_iterative.py:867: ConvergenceWarning: [IterativeImputer] Early stopping criterion not reached.
  warnings.warn(
/home/hustle/hustle/DataForgeML/venv/lib/python3.12/site-packages/sklearn/impute/_iterative.py:867: ConvergenceWarning: [IterativeImputer] Early stopping criterion not reached.
  warnings.warn(
/home/hustle/hustle/DataForgeML/venv/lib/python3.12/site-packages/sklearn/impute/_iterative.py:867: ConvergenceWarning: [IterativeImputer] Early stopping criterion not reached.
  warnings.warn(
  seed  27: skewed all_rmse=0.9824 | matched all_rmse=0.9507 | ideal all_rmse=0.8782
/home/hustle/hustle/DataForgeML/venv/lib/python3.12/site-packages/sklearn/impute/_iterative.py:867: ConvergenceWarning: [IterativeImputer] Early stopping criterion not reached.
  warnings.warn(
/home/hustle/hustle/DataForgeML/venv/lib/python3.12/site-packages/sklearn/impute/_iterative.py:867: ConvergenceWarning: [IterativeImputer] Early stopping criterion not reached.
  warnings.warn(
/home/hustle/hustle/DataForgeML/venv/lib/python3.12/site-packages/sklearn/impute/_iterative.py:867: ConvergenceWarning: [IterativeImputer] Early stopping criterion not reached.
  warnings.warn(
  seed  28: skewed all_rmse=1.6276 | matched all_rmse=2.0567 | ideal all_rmse=1.6861
/home/hustle/hustle/DataForgeML/venv/lib/python3.12/site-packages/sklearn/impute/_iterative.py:867: ConvergenceWarning: [IterativeImputer] Early stopping criterion not reached.
  warnings.warn(
/home/hustle/hustle/DataForgeML/venv/lib/python3.12/site-packages/sklearn/impute/_iterative.py:867: ConvergenceWarning: [IterativeImputer] Early stopping criterion not reached.
  warnings.warn(
/home/hustle/hustle/DataForgeML/venv/lib/python3.12/site-packages/sklearn/impute/_iterative.py:867: ConvergenceWarning: [IterativeImputer] Early stopping criterion not reached.
  warnings.warn(
  seed  29: skewed all_rmse=1.3596 | matched all_rmse=1.3566 | ideal all_rmse=1.3234
{
  "means": {
    "skewed": {
      "ex_reg": {
        "rmse_mean": 1.3712977735757337,
        "rmse_std": 0.4703494608849811,
        "mae_mean": 0.6521558914456217
      },
      "mice": {
        "rmse_mean": 1.9614380243688672,
        "rmse_std": 1.6884992350388786,
        "mae_mean": 0.6202202885859827
      },
      "all": {
        "rmse_mean": 1.807770260875819,
        "rmse_std": 1.0640753083158536,
        "mae_mean": 0.6364979453225472
      },
      "time_mean": 19.304709518500022
    },
    "matched": {
      "ex_reg": {
        "rmse_mean": 1.3712065029336853,
        "rmse_std": 0.4744098066552612,
        "mae_mean": 0.660293227076068
      },
      "mice": {
        "rmse_mean": 1.997853245438203,
        "rmse_std": 1.6709178553459882,
        "mae_mean": 0.6294296007669756
      },
      "all": {
        "rmse_mean": 1.8232805980726028,
        "rmse_std": 1.0586955800773017,
        "mae_mean": 0.6452363732081906
      },
      "time_mean": 18.97105960783277
    },
    "ideal": {
      "ex_reg": {
        "rmse_mean": 1.294768490447184,
        "rmse_std": 0.4891528810452277,
        "mae_mean": 0.6175857754682217
      },
      "mice": {
        "rmse_mean": 1.953845168170057,
        "rmse_std": 1.6898966859477103,
        "mae_mean": 0.6131507502561705
      },
      "all": {
        "rmse_mean": 1.7692013129317457,
        "rmse_std": 1.0787710545305853,
        "mae_mean": 0.6156613379224419
      },
      "time_mean": 18.645449316566495
    }
  },
  "pairwise": {
    "skewed_vs_matched::ex_reg": {
      "wins_skewed": 16,
      "wins_matched": 14,
      "ties": 0,
      "mean_rel_diff_pct": 0.26537586771145455,
      "worst_case_pct": 13.22461276091953
    },
    "matched_vs_ideal::ex_reg": {
      "wins_matched": 2,
      "wins_ideal": 28,
      "ties": 0,
      "mean_rel_diff_pct": 6.982014975191659,
      "worst_case_pct": 28.50258366824137
    },
    "skewed_vs_matched::mice": {
      "wins_skewed": 16,
      "wins_matched": 14,
      "ties": 0,
      "mean_rel_diff_pct": -1.8438729441642816,
      "worst_case_pct": 35.49963746168437
    },
    "matched_vs_ideal::mice": {
      "wins_matched": 15,
      "wins_ideal": 15,
      "ties": 0,
      "mean_rel_diff_pct": 3.532483810873208,
      "worst_case_pct": 35.157874662471755
    },
    "skewed_vs_matched::all": {
      "wins_skewed": 16,
      "wins_matched": 14,
      "ties": 0,
      "mean_rel_diff_pct": -0.5205408406161377,
      "worst_case_pct": 20.860398648189037
    },
    "matched_vs_ideal::all": {
      "wins_matched": 8,
      "wins_ideal": 22,
      "ties": 0,
      "mean_rel_diff_pct": 4.10755003382771,
      "worst_case_pct": 21.9759269281206
    }
  }
}

wrote prototypes/issue410_results.json
